Component: Arm Compiler for Embedded 6.19 Tool: armlink [5e73cb00]

==============================================================================

Section Cross References

    gpio.o(.ARM.exidx.text.GPIO_PinMode) refers to gpio.o(.text.GPIO_PinMode) for [Anonymous Symbol]
    gpio.o(.ARM.exidx.text.GPIO_DigitalWrite) refers to gpio.o(.text.GPIO_DigitalWrite) for [Anonymous Symbol]
    gpio.o(.ARM.exidx.text.GPIO_DigitalRead) refers to gpio.o(.text.GPIO_DigitalRead) for [Anonymous Symbol]
    gpio.o(.ARM.exidx.text.GPIO_AnalogRead) refers to gpio.o(.text.GPIO_AnalogRead) for [Anonymous Symbol]
    main.o(.text.main) refers to urm37.o(.text.URM37_Init) for URM37_Init
    main.o(.text.main) refers to usart.o(.text.USART_Serial_Begin) for USART_Serial_Begin
    main.o(.text.main) refers to gpio.o(.text.GPIO_PinMode) for GPIO_PinMode
    main.o(.text.main) refers to ds3231.o(.text.DS3231_Init) for DS3231_Init
    main.o(.text.main) refers to st7920.o(.text.ST7920_Init) for ST7920_Init
    main.o(.text.main) refers to st7920.o(.text.ST7920_Clear) for ST7920_Clear
    main.o(.text.main) refers to st7920.o(.text.ST7920_GraphicMode) for ST7920_GraphicMode
    main.o(.text.main) refers to st7920.o(.text.ST7920_Clear_GLCD_Buffer) for ST7920_Clear_GLCD_Buffer
    main.o(.text.main) refers to st7920.o(.text.ST7920_Send_GLCD_Buffer) for ST7920_Send_GLCD_Buffer
    main.o(.text.main) refers to main.o(.bss.state) for state
    main.o(.text.main) refers to gpio.o(.text.GPIO_DigitalWrite) for GPIO_DigitalWrite
    main.o(.text.main) refers to urm37.o(.text.URM37_GetTemperature) for URM37_GetTemperature
    main.o(.text.main) refers to main.o(.bss.temperature) for temperature
    main.o(.text.main) refers to urm37.o(.text.URM37_GetDistance) for URM37_GetDistance
    main.o(.text.main) refers to main.o(.bss.distance) for distance
    main.o(.text.main) refers to ds3231.o(.text.DS3231_Read) for DS3231_Read
    main.o(.text.main) refers to ds3231.o(.text.DS3231_BCD_DEC) for DS3231_BCD_DEC
    main.o(.text.main) refers to main.o(.bss.DS3231_Second) for DS3231_Second
    main.o(.text.main) refers to main.o(.bss.DS3231_Minute) for DS3231_Minute
    main.o(.text.main) refers to main.o(.bss.DS3231_Hour) for DS3231_Hour
    main.o(.text.main) refers to main.o(.data.DS3231_DayWeek) for DS3231_DayWeek
    main.o(.text.main) refers to main.o(.data.DS3231_DayMonth) for DS3231_DayMonth
    main.o(.text.main) refers to main.o(.data.DS3231_Month) for DS3231_Month
    main.o(.text.main) refers to main.o(.bss.DS3231_Year) for DS3231_Year
    main.o(.text.main) refers to main.o(.rodata.str1.1) for .L.str
    main.o(.text.main) refers to usart.o(.text.USART_Serial_Print) for USART_Serial_Print
    main.o(.text.main) refers to ds3231.o(.bss.DS3231_HS) for DS3231_HS
    main.o(.text.main) refers to main.o(.data.Arial28x28) for Arial28x28
    main.o(.text.main) refers to st7920.o(.text.ST7920_Font_Print) for ST7920_Font_Print
    main.o(.text.main) refers to main.o(.data.Arial12x12) for Arial12x12
    main.o(.ARM.exidx.text.main) refers to main.o(.text.main) for [Anonymous Symbol]
    servo.o(.ARM.exidx.text.SERVO_Init) refers to servo.o(.text.SERVO_Init) for [Anonymous Symbol]
    servo.o(.text.SERVO_SetAngle) refers to servo.o(.text.SERVO_Map) for SERVO_Map
    servo.o(.ARM.exidx.text.SERVO_SetAngle) refers to servo.o(.text.SERVO_SetAngle) for [Anonymous Symbol]
    servo.o(.ARM.exidx.text.SERVO_Map) refers to servo.o(.text.SERVO_Map) for [Anonymous Symbol]
    tim.o(.ARM.exidx.text.TIM_WaitMicros) refers to tim.o(.text.TIM_WaitMicros) for [Anonymous Symbol]
    tim.o(.ARM.exidx.text.TIM_Wait) refers to tim.o(.text.TIM_Wait) for [Anonymous Symbol]
    urm37.o(.text.URM37_Init) refers to system_stm32f7xx.o(.data.SystemCoreClock) for SystemCoreClock
    urm37.o(.ARM.exidx.text.URM37_Init) refers to urm37.o(.text.URM37_Init) for [Anonymous Symbol]
    urm37.o(.text.URM37_GetTemperature) refers to urm37.o(.text.URM37_Send_Command) for URM37_Send_Command
    urm37.o(.text.URM37_GetTemperature) refers to urm37.o(.text.URM37_Get_Response) for URM37_Get_Response
    urm37.o(.ARM.exidx.text.URM37_GetTemperature) refers to urm37.o(.text.URM37_GetTemperature) for [Anonymous Symbol]
    urm37.o(.ARM.exidx.text.URM37_Send_Command) refers to urm37.o(.text.URM37_Send_Command) for [Anonymous Symbol]
    urm37.o(.ARM.exidx.text.URM37_Get_Response) refers to urm37.o(.text.URM37_Get_Response) for [Anonymous Symbol]
    urm37.o(.text.URM37_GetDistance) refers to urm37.o(.text.URM37_Send_Command) for URM37_Send_Command
    urm37.o(.text.URM37_GetDistance) refers to urm37.o(.text.URM37_Get_Response) for URM37_Get_Response
    urm37.o(.ARM.exidx.text.URM37_GetDistance) refers to urm37.o(.text.URM37_GetDistance) for [Anonymous Symbol]
    usart.o(.text.USART_Serial_Begin) refers to system_stm32f7xx.o(.data.SystemCoreClock) for SystemCoreClock
[...]
    dc.s                                     0x00000000   Number         0  dc.o ABSOLUTE
    ds3231.c                                 0x00000000   Number         0  ds3231.o ABSOLUTE
    gpio.c                                   0x00000000   Number         0  gpio.o ABSOLUTE
    main.c                                   0x00000000   Number         0  main.o ABSOLUTE
    servo.c                                  0x00000000   Number         0  servo.o ABSOLUTE
    st7920.c                                 0x00000000   Number         0  st7920.o ABSOLUTE
    system_stm32f7xx.c                       0x00000000   Number         0  system_stm32f7xx.o ABSOLUTE
    tim.c                                    0x00000000   Number         0  tim.o ABSOLUTE
    urm37.c                                  0x00000000   Number         0  urm37.o ABSOLUTE
    usart.c                                  0x00000000   Number         0  usart.o ABSOLUTE
    RESET                                    0x08000000   Section      504  startup_stm32f767xx.o(RESET)
    !!!main                                  0x080001f8   Section        8  __main.o(!!!main)
    !!!scatter                               0x08000200   Section       52  __scatter.o(!!!scatter)
    !!dclz77c                                0x08000234   Section      100  __dclz77c.o(!!dclz77c)
    !!handler_zi                             0x08000298   Section       28  __scatter_zi.o(!!handler_zi)
    .ARM.Collect$$_printf_percent$$00000000  0x080002b4   Section        0  _printf_percent.o(.ARM.Collect$$_printf_percent$$00000000)
    .ARM.Collect$$_printf_percent$$00000001  0x080002b4   Section        6  _printf_n.o(.ARM.Collect$$_printf_percent$$00000001)
    .ARM.Collect$$_printf_percent$$00000002  0x080002ba   Section        6  _printf_p.o(.ARM.Collect$$_printf_percent$$00000002)
    .ARM.Collect$$_printf_percent$$00000003  0x080002c0   Section        6  _printf_f.o(.ARM.Collect$$_printf_percent$$00000003)
    .ARM.Collect$$_printf_percent$$00000004  0x080002c6   Section        6  _printf_e.o(.ARM.Collect$$_printf_percent$$00000004)
    .ARM.Collect$$_printf_percent$$00000005  0x080002cc   Section        6  _printf_g.o(.ARM.Collect$$_printf_percent$$00000005)
    .ARM.Collect$$_printf_percent$$00000006  0x080002d2   Section        6  _printf_a.o(.ARM.Collect$$_printf_percent$$00000006)
    .ARM.Collect$$_printf_percent$$00000007  0x080002d8   Section       10  _printf_ll.o(.ARM.Collect$$_printf_percent$$00000007)
    .ARM.Collect$$_printf_percent$$00000008  0x080002e2   Section        6  _printf_i.o(.ARM.Collect$$_printf_percent$$00000008)
    .ARM.Collect$$_printf_percent$$00000009  0x080002e8   Section        6  _printf_d.o(.ARM.Collect$$_printf_percent$$00000009)
    .ARM.Collect$$_printf_percent$$0000000A  0x080002ee   Section        6  _printf_u.o(.ARM.Collect$$_printf_percent$$0000000A)
    .ARM.Collect$$_printf_percent$$0000000B  0x080002f4   Section        6  _printf_o.o(.ARM.Collect$$_printf_percent$$0000000B)
    .ARM.Collect$$_printf_percent$$0000000C  0x080002fa   Section        6  _printf_x.o(.ARM.Collect$$_printf_percent$$0000000C)
    .ARM.Collect$$_printf_percent$$0000000D  0x08000300   Section        6  _printf_lli.o(.ARM.Collect$$_printf_percent$$0000000D)
    .ARM.Collect$$_printf_percent$$0000000E  0x08000306   Section        6  _printf_lld.o(.ARM.Collect$$_printf_percent$$0000000E)
    .ARM.Collect$$_printf_percent$$0000000F  0x0800030c   Section        6  _printf_llu.o(.ARM.Collect$$_printf_percent$$0000000F)
    .ARM.Collect$$_printf_percent$$00000010  0x08000312   Section        6  _printf_llo.o(.ARM.Collect$$_printf_percent$$00000010)
    .ARM.Collect$$_printf_percent$$00000011  0x08000318   Section        6  _printf_llx.o(.ARM.Collect$$_printf_percent$$00000011)
    .ARM.Collect$$_printf_percent$$00000012  0x0800031e   Section       10  _printf_l.o(.ARM.Collect$$_printf_percent$$00000012)
    .ARM.Collect$$_printf_percent$$00000013  0x08000328   Section        6  _printf_c.o(.ARM.Collect$$_printf_percent$$00000013)
    .ARM.Collect$$_printf_percent$$00000014  0x0800032e   Section        6  _printf_s.o(.ARM.Collect$$_printf_percent$$00000014)
    .ARM.Collect$$_printf_percent$$00000015  0x08000334   Section        6  _printf_lc.o(.ARM.Collect$$_printf_percent$$00000015)
    .ARM.Collect$$_printf_percent$$00000016  0x0800033a   Section        6  _printf_ls.o(.ARM.Collect$$_printf_percent$$00000016)
    .ARM.Collect$$_printf_percent$$00000017  0x08000340   Section        4  _printf_percent_end.o(.ARM.Collect$$_printf_percent$$00000017)
    .ARM.Collect$$libinit$$00000000          0x08000344   Section        2  libinit.o(.ARM.Collect$$libinit$$00000000)
    .ARM.Collect$$libinit$$00000001          0x08000346   Section        4  libinit2.o(.ARM.Collect$$libinit$$00000001)
    .ARM.Collect$$libinit$$00000004          0x0800034a   Section        0  libinit2.o(.ARM.Collect$$libinit$$00000004)
    .ARM.Collect$$libinit$$00000006          0x0800034a   Section        0  libinit2.o(.ARM.Collect$$libinit$$00000006)
    .ARM.Collect$$libinit$$0000000C          0x0800034a   Section        0  libinit2.o(.ARM.Collect$$libinit$$0000000C)
    .ARM.Collect$$libinit$$0000000E          0x0800034a   Section        0  libinit2.o(.ARM.Collect$$libinit$$0000000E)
    .ARM.Collect$$libinit$$00000010          0x0800034a   Section        0  libinit2.o(.ARM.Collect$$libinit$$00000010)
    .ARM.Collect$$libinit$$00000011          0x0800034a   Section        6  libinit2.o(.ARM.Collect$$libinit$$00000011)
    .ARM.Collect$$libinit$$00000013          0x08000350   Section        0  libinit2.o(.ARM.Collect$$libinit$$00000013)
    .ARM.Collect$$libinit$$00000014          0x08000350   Section       12  libinit2.o(.ARM.Collect$$libinit$$00000014)
    .ARM.Collect$$libinit$$00000015          0x0800035c   Section        0  libinit2.o(.ARM.Collect$$libinit$$00000015)
    .ARM.Collect$$libinit$$00000017          0x0800035c   Section        0  libinit2.o(.ARM.Collect$$libinit$$00000017)
    .ARM.Collect$$libinit$$00000018          0x0800035c   Section       10  libinit2.o(.ARM.Collect$$libinit$$00000018)
    .ARM.Collect$$libinit$$00000019          0x08000366   Section        0  libinit2.o(.ARM.Collect$$libinit$$00000019)
    .ARM.Collect$$libinit$$0000001B          0x08000366   Section        0  libinit2.o(.ARM.Collect$$libinit$$0000001B)
    .ARM.Collect$$libinit$$0000001D          0x08000366   Section        0  libinit2.o(.ARM.Collect$$libinit$$0000001D)
    .ARM.Collect$$libinit$$0000001F          0x08000366   Section        0  libinit2.o(.ARM.Collect$$libinit$$0000001F)
    .ARM.Collect$$libinit$$00000021          0x08000366   Section        0  libinit2.o(.ARM.Collect$$libinit$$00000021)
    .ARM.Collect$$libinit$$00000023          0x08000366   Section        0  libinit2.o(.ARM.Collect$$libinit$$00000023)
    .ARM.Collect$$libinit$$00000025          0x08000366   Section        0  libinit2.o(.ARM.Collect$$libinit$$00000025)
    .ARM.Collect$$libinit$$00000027          0x08000366   Section        0  libinit2.o(.ARM.Collect$$libinit$$00000027)
    .ARM.Collect$$libinit$$0000002E          0x08000366   Section        0  libinit2.o(.ARM.Collect$$libinit$$0000002E)
    .ARM.Collect$$libinit$$00000030          0x08000366   Section        0  libinit2.o(.ARM.Collect$$libinit$$00000030)
    .ARM.Collect$$libinit$$00000032          0x08000366   Section        0  libinit2.o(.ARM.Collect$$libinit$$00000032)
    .ARM.Collect$$libinit$$00000034          0x08000366   Section        0  libinit2.o(.ARM.Collect$$libinit$$00000034)
    .ARM.Collect$$libinit$$00000035          0x08000366   Section        2  libinit2.o(.ARM.Collect$$libinit$$00000035)
    .ARM.Collect$$libshutdown$$00000000      0x08000368   Section        2  libshutdown.o(.ARM.Collect$$libshutdown$$00000000)
    .ARM.Collect$$libshutdown$$00000002      0x0800036a   Section        0  libshutdown2.o(.ARM.Collect$$libshutdown$$00000002)
    .ARM.Collect$$libshutdown$$00000004      0x0800036a   Section        0  libshutdown2.o(.ARM.Collect$$libshutdown$$00000004)
    .ARM.Collect$$libshutdown$$00000007      0x0800036a   Section        0  libshutdown2.o(.ARM.Collect$$libshutdown$$00000007)
    .ARM.Collect$$libshutdown$$0000000A      0x0800036a   Section        0  libshutdown2.o(.ARM.Collect$$libshutdown$$0000000A)
    .ARM.Collect$$libshutdown$$0000000C      0x0800036a   Section        0  libshutdown2.o(.ARM.Collect$$libshutdown$$0000000C)
    .ARM.Collect$$libshutdown$$0000000F      0x0800036a   Section        0  libshutdown2.o(.ARM.Collect$$libshutdown$$0000000F)
    .ARM.Collect$$libshutdown$$00000010      0x0800036a   Section        2  libshutdown2.o(.ARM.Collect$$libshutdown$$00000010)
    .ARM.Collect$$rtentry$$00000000          0x0800036c   Section        0  __rtentry.o(.ARM.Collect$$rtentry$$00000000)
    .ARM.Collect$$rtentry$$00000002          0x0800036c   Section        0  __rtentry2.o(.ARM.Collect$$rtentry$$00000002)
    .ARM.Collect$$rtentry$$00000004          0x0800036c   Section        6  __rtentry4.o(.ARM.Collect$$rtentry$$00000004)
    .ARM.Collect$$rtentry$$00000009          0x08000372   Section        0  __rtentry2.o(.ARM.Collect$$rtentry$$00000009)
    .ARM.Collect$$rtentry$$0000000A          0x08000372   Section        4  __rtentry2.o(.ARM.Collect$$rtentry$$0000000A)
    .ARM.Collect$$rtentry$$0000000C          0x08000376   Section        0  __rtentry2.o(.ARM.Collect$$rtentry$$0000000C)
    .ARM.Collect$$rtentry$$0000000D          0x08000376   Section        8  __rtentry2.o(.ARM.Collect$$rtentry$$0000000D)
    .ARM.Collect$$rtexit$$00000000           0x0800037e   Section        2  rtexit.o(.ARM.Collect$$rtexit$$00000000)
    .ARM.Collect$$rtexit$$00000002           0x08000380   Section        0  rtexit2.o(.ARM.Collect$$rtexit$$00000002)
    .ARM.Collect$$rtexit$$00000003           0x08000380   Section        4  rtexit2.o(.ARM.Collect$$rtexit$$00000003)
    .ARM.Collect$$rtexit$$00000004           0x08000384   Section        6  rtexit2.o(.ARM.Collect$$rtexit$$00000004)
    $v0                                      0x0800038c   Number         0  startup_stm32f767xx.o(.text)
    .text                                    0x0800038c   Section       64  startup_stm32f767xx.o(.text)
    .text                                    0x080003cc   Section        0  vsprintf.o(.text)
    .text                                    0x080003f0   Section        0  vsnprintf.o(.text)
    .text                                    0x0800042c   Section        0  heapauxi.o(.text)
    .text                                    0x08000432   Section        0  _printf_pad.o(.text)
    .text                                    0x08000480   Section        0  _printf_truncate.o(.text)
    .text                                    0x080004a4   Section        0  _printf_str.o(.text)
    .text                                    0x080004f8   Section        0  _printf_dec.o(.text)
    .text                                    0x08000570   Section        0  _printf_charcount.o(.text)
    _printf_input_char                       0x08000599   Thumb Code    10  _printf_char_common.o(.text)
    .text                                    0x08000598   Section        0  _printf_char_common.o(.text)
    .text                                    0x080005c8   Section        0  _sputc.o(.text)
    .text                                    0x080005d2   Section        0  _snputc.o(.text)
    .text                                    0x080005e4   Section        0  _printf_wctomb.o(.text)
    .text                                    0x080006a0   Section        0  _printf_longlong_dec.o(.text)
    _printf_longlong_oct_internal            0x0800071d   Thumb Code     0  _printf_oct_int_ll.o(.text)
    .text                                    0x0800071c   Section        0  _printf_oct_int_ll.o(.text)
    _printf_hex_common                       0x0800078d   Thumb Code     0  _printf_hex_int_ll_ptr.o(.text)
    .text                                    0x0800078c   Section        0  _printf_hex_int_ll_ptr.o(.text)
    .text                                    0x08000820   Section        0  __printf_flags_ss_wp.o(.text)
    .text                                    0x080009a8   Section      138  lludiv10.o(.text)
    .text                                    0x08000a32   Section        0  _printf_intcommon.o(.text)
    _fp_digits                               0x08000ae5   Thumb Code   432  _printf_fp_dec.o(.text)
    .text                                    0x08000ae4   Section        0  _printf_fp_dec.o(.text)
    .text                                    0x08000f00   Section        0  _printf_fp_hex.o(.text)
    .text                                    0x080011fc   Section        0  _printf_char.o(.text)
    .text                                    0x08001228   Section        0  _printf_wchar.o(.text)
    .text                                    0x08001254   Section        0  _c16rtomb.o(.text)
    .text                                    0x0800129c   Section       74  sys_stackheap_outer.o(.text)
    .text                                    0x080012e8   Section       16  rt_ctype_table.o(.text)
    .text                                    0x080012f8   Section        8  rt_locale_intlibspace.o(.text)
    .text                                    0x08001300   Section        0  _printf_fp_infnan.o(.text)
    .text                                    0x08001380   Section        0  bigflt0.o(.text)
    .text                                    0x08001464   Section        0  exit.o(.text)
    .text                                    0x08001478   Section        8  libspace.o(.text)
    .text                                    0x08001480   Section      124  strcmpv7m_pel.o(.text)
    .text                                    0x080014fc   Section        0  sys_exit.o(.text)
    .text                                    0x08001508   Section        2  use_no_semi.o(.text)
    .text                                    0x0800150a   Section        0  indicate_semi.o(.text)
    [Anonymous Symbol]                       0x08001510   Section        0  ds3231.o(.text.DS3231_BCD_DEC)
    [Anonymous Symbol]                       0x08001528   Section        0  ds3231.o(.text.DS3231_Init)
    [Anonymous Symbol]                       0x080015b8   Section        0  ds3231.o(.text.DS3231_Read)
    [Anonymous Symbol]                       0x08001740   Section        0  gpio.o(.text.GPIO_DigitalWrite)
    [Anonymous Symbol]                       0x08001788   Section        0  gpio.o(.text.GPIO_PinMode)
    [Anonymous Symbol]                       0x08001960   Section        0  st7920.o(.text.ST7920_Clear)
    [Anonymous Symbol]                       0x08001a10   Section        0  st7920.o(.text.ST7920_Clear_GLCD_Buffer)
    [Anonymous Symbol]                       0x08001a40   Section        0  st7920.o(.text.ST7920_DrawBitmap)
    [Anonymous Symbol]                       0x08001b48   Section        0  st7920.o(.text.ST7920_Font_Print)
    [Anonymous Symbol]                       0x08001d08   Section        0  st7920.o(.text.ST7920_GraphicMode)
    [Anonymous Symbol]                       0x08001d70   Section        0  st7920.o(.text.ST7920_Init)
    ST7920_SendCmd                           0x08001e09   Thumb Code    68  st7920.o(.text.ST7920_SendCmd)
    [Anonymous Symbol]                       0x08001e08   Section        0  st7920.o(.text.ST7920_SendCmd)
    ST7920_SendData                          0x08001e51   Thumb Code    68  st7920.o(.text.ST7920_SendData)
    [Anonymous Symbol]                       0x08001e50   Section        0  st7920.o(.text.ST7920_SendData)
    [Anonymous Symbol]                       0x08001e98   Section        0  st7920.o(.text.ST7920_Send_GLCD_Buffer)
    ST7920_spi_init                          0x08001ea9   Thumb Code   260  st7920.o(.text.ST7920_spi_init)
    [Anonymous Symbol]                       0x08001ea8   Section        0  st7920.o(.text.ST7920_spi_init)
    [Anonymous Symbol]                       0x08001fb0   Section        0  st7920.o(.text.SetPixel)
    [Anonymous Symbol]                       0x08002080   Section        0  system_stm32f7xx.o(.text.SystemInit)
    [Anonymous Symbol]                       0x08002098   Section        0  tim.o(.text.TIM_Wait)
    [Anonymous Symbol]                       0x08002100   Section        0  tim.o(.text.TIM_WaitMicros)
    [Anonymous Symbol]                       0x08002168   Section        0  urm37.o(.text.URM37_GetDistance)
    [Anonymous Symbol]                       0x080021b8   Section        0  urm37.o(.text.URM37_GetTemperature)
    URM37_Get_Response                       0x08002279   Thumb Code    70  urm37.o(.text.URM37_Get_Response)
    [Anonymous Symbol]                       0x08002278   Section        0  urm37.o(.text.URM37_Get_Response)
    [Anonymous Symbol]                       0x080022c0   Section        0  urm37.o(.text.URM37_Init)
    URM37_Send_Command                       0x08002341   Thumb Code   116  urm37.o(.text.URM37_Send_Command)
    [Anonymous Symbol]                       0x08002340   Section        0  urm37.o(.text.URM37_Send_Command)
    [Anonymous Symbol]                       0x080023b8   Section        0  usart.o(.text.USART_Serial_Begin)
    [Anonymous Symbol]                       0x08002428   Section        0  usart.o(.text.USART_Serial_Print)
    [Anonymous Symbol]                       0x08002490   Section        0  main.o(.text.main)
    st7920_spi_transmit                      0x080026e9   Thumb Code   136  st7920.o(.text.st7920_spi_transmit)
    [Anonymous Symbol]                       0x080026e8   Section        0  st7920.o(.text.st7920_spi_transmit)
    CL$$btod_d2e                             0x08002770   Section       62  btod.o(CL$$btod_d2e)
    CL$$btod_d2e_denorm_low                  0x080027ae   Section       70  btod.o(CL$$btod_d2e_denorm_low)
    CL$$btod_d2e_norm_op1                    0x080027f4   Section       96  btod.o(CL$$btod_d2e_norm_op1)
    CL$$btod_div_common                      0x08002854   Section      824  btod.o(CL$$btod_div_common)
    CL$$btod_e2e                             0x08002b8c   Section      220  btod.o(CL$$btod_e2e)
    CL$$btod_ediv                            0x08002c68   Section       42  btod.o(CL$$btod_ediv)
    CL$$btod_emul                            0x08002c92   Section       42  btod.o(CL$$btod_emul)
    CL$$btod_mult_common                     0x08002cbc   Section      580  btod.o(CL$$btod_mult_common)
    i.__ARM_fpclassify                       0x08002f00   Section        0  fpclassify.o(i.__ARM_fpclassify)
    i._is_digit                              0x08002f30   Section        0  __printf_wp.o(i._is_digit)
    locale$$code                             0x08002f40   Section       44  lc_numeric_c.o(locale$$code)
    locale$$code                             0x08002f6c   Section       44  lc_ctype_c.o(locale$$code)
    $v0                                      0x08002f98   Number         0  fpinit.o(x$fpl$fpinit)
    x$fpl$fpinit                             0x08002f98   Section       26  fpinit.o(x$fpl$fpinit)
    $v0                                      0x08002fb2   Number         0  printf1.o(x$fpl$printf1)
    x$fpl$printf1                            0x08002fb2   Section        4  printf1.o(x$fpl$printf1)
    $v0                                      0x08002fb6   Number         0  printf2.o(x$fpl$printf2)
    x$fpl$printf2                            0x08002fb6   Section        4  printf2.o(x$fpl$printf2)
    x$fpl$usenofp                            0x08002fba   Section        0  usenofp.o(x$fpl$usenofp)
    initial_mbstate                          0x08002fbc   Data           8  _printf_wctomb.o(.constdata)
    .constdata                               0x08002fbc   Section        8  _printf_wctomb.o(.constdata)
    uc_hextab                                0x08002fc4   Data          20  _printf_hex_int_ll_ptr.o(.constdata)
    .constdata                               0x08002fc4   Section       40  _printf_hex_int_ll_ptr.o(.constdata)
    lc_hextab                                0x08002fd8   Data          20  _printf_hex_int_ll_ptr.o(.constdata)
    maptable                                 0x08002fec   Data          17  __printf_flags_ss_wp.o(.constdata)
    .constdata                               0x08002fec   Section       17  __printf_flags_ss_wp.o(.constdata)
    lc_hextab                                0x08002ffd   Data          19  _printf_fp_hex.o(.constdata)
    .constdata                               0x08002ffd   Section       38  _printf_fp_hex.o(.constdata)
    uc_hextab                                0x08003010   Data          19  _printf_fp_hex.o(.constdata)
    tenpwrs_x                                0x08003024   Data          60  bigflt0.o(.constdata)
    .constdata                               0x08003024   Section      148  bigflt0.o(.constdata)
    tenpwrs_i                                0x08003060   Data          64  bigflt0.o(.constdata)
    .L.str                                   0x080030b8   Data          43  main.o(.rodata.str1.1)
    [Anonymous Symbol]                       0x080030b8   Section        0  main.o(.rodata.str1.1)
    .L.str.1                                 0x080030e3   Data           9  main.o(.rodata.str1.1)
    .L.str.4                                 0x080030ec   Data          10  main.o(.rodata.str1.1)
    .L.str.2                                 0x080030f6   Data          15  main.o(.rodata.str1.1)
    .L.str.3                                 0x08003105   Data          17  main.o(.rodata.str1.1)
    locale$$data                             0x08003138   Section       28  lc_numeric_c.o(locale$$data)
    __lcnum_c_name                           0x0800313c   Data           2  lc_numeric_c.o(locale$$data)
    __lcnum_c_start                          0x08003144   Data           0  lc_numeric_c.o(locale$$data)
    __lcnum_c_point                          0x08003150   Data           0  lc_numeric_c.o(locale$$data)
    __lcnum_c_thousands                      0x08003152   Data           0  lc_numeric_c.o(locale$$data)
    __lcnum_c_grouping                       0x08003153   Data           0  lc_numeric_c.o(locale$$data)
    __lcnum_c_end                            0x08003154   Data           0  lc_numeric_c.o(locale$$data)
    locale$$data                             0x08003154   Section      272  lc_ctype_c.o(locale$$data)
    __lcctype_c_name                         0x08003158   Data           2  lc_ctype_c.o(locale$$data)
    __lcctype_c_start                        0x08003160   Data           0  lc_ctype_c.o(locale$$data)
    __lcctype_c_end                          0x08003264   Data           0  lc_ctype_c.o(locale$$data)
    Arial12x12                               0x20020000   Data        2404  main.o(.data.Arial12x12)
    [Anonymous Symbol]                       0x20020000   Section        0  main.o(.data.Arial12x12)
    Arial28x28                               0x20020964   Data       10852  main.o(.data.Arial28x28)
    [Anonymous Symbol]                       0x20020964   Section        0  main.o(.data.Arial28x28)
    DS3231_DayMonth                          0x200233c8   Data           1  main.o(.data.DS3231_DayMonth)
    [Anonymous Symbol]                       0x200233c8   Section        0  main.o(.data.DS3231_DayMonth)
    DS3231_DayWeek                           0x200233c9   Data           1  main.o(.data.DS3231_DayWeek)
    [Anonymous Symbol]                       0x200233c9   Section        0  main.o(.data.DS3231_DayWeek)
    DS3231_Month                             0x200233ca   Data           1  main.o(.data.DS3231_Month)
    [Anonymous Symbol]                       0x200233ca   Section        0  main.o(.data.DS3231_Month)
    numCols                                  0x200233d0   Data           1  st7920.o(.data.numCols)
    [Anonymous Symbol]                       0x200233d0   Section        0  st7920.o(.data.numCols)
    numRows                                  0x200233d1   Data           1  st7920.o(.data.numRows)
    [Anonymous Symbol]                       0x200233d1   Section        0  st7920.o(.data.numRows)
    .bss                                     0x200233d8   Section       96  libspace.o(.bss)
    DS3231_Hour                              0x20023439   Data           1  main.o(.bss.DS3231_Hour)
    [Anonymous Symbol]                       0x20023439   Section        0  main.o(.bss.DS3231_Hour)
    DS3231_Minute                            0x2002343a   Data           1  main.o(.bss.DS3231_Minute)
    [Anonymous Symbol]                       0x2002343a   Section        0  main.o(.bss.DS3231_Minute)
    DS3231_Second                            0x2002343b   Data           1  main.o(.bss.DS3231_Second)
    [Anonymous Symbol]                       0x2002343b   Section        0  main.o(.bss.DS3231_Second)
    DS3231_Year                              0x2002343c   Data           1  main.o(.bss.DS3231_Year)
    [Anonymous Symbol]                       0x2002343c   Section        0  main.o(.bss.DS3231_Year)
    GLCD_Buffer                              0x2002343d   Data        1024  st7920.o(.bss.GLCD_Buffer)
    [Anonymous Symbol]                       0x2002343d   Section        0  st7920.o(.bss.GLCD_Buffer)
    Graphic_Check                            0x2002383d   Data           1  st7920.o(.bss.Graphic_Check)
    [Anonymous Symbol]                       0x2002383d   Section        0  st7920.o(.bss.Graphic_Check)
    state                                    0x20023843   Data           1  main.o(.bss.state)
    [Anonymous Symbol]                       0x20023843   Section        0  main.o(.bss.state)
    Heap_Mem                                 0x20023848   Data         512  startup_stm32f767xx.o(HEAP)
    HEAP                                     0x20023848   Section      512  startup_stm32f767xx.o(HEAP)
    Stack_Mem                                0x20023a48   Data        1024  startup_stm32f767xx.o(STACK)
    STACK                                    0x20023a48   Section     1024  startup_stm32f767xx.o(STACK)
    __initial_sp                             0x20023e48   Data           0  startup_stm32f767xx.o(STACK)

    Global Symbols

    Symbol Name                              Value     Ov Type        Size  Object(Section)

    BuildAttributes$$THM_ISAv4$E$P$D$K$B$S$7EM$VFPv5_D16$PE$PLD8$A:L22UL41UL21$X:L11$S22US41US21$IEEE1$IW$~IW$USESV6$~STKCKD$USESV7$~SHL$OTIME$ROPI$IEEEJ$EBA8$UX$STANDARDLIB$REQ8$PRES8$EABIv2 0x00000000   Number         0  anon$$obj.o ABSOLUTE
    _printf_flags                            0x00000000   Number         0  printf_stubs.o ABSOLUTE
    _printf_return_value                     0x00000000   Number         0  printf_stubs.o ABSOLUTE
    _printf_sizespec                         0x00000000   Number         0  printf_stubs.o ABSOLUTE
    _printf_widthprec                        0x00000000   Number         0  printf_stubs.o ABSOLUTE
    __ARM_exceptions_init                     - Undefined Weak Reference
    __alloca_initialize                       - Undefined Weak Reference
    __arm_preinit_                            - Undefined Weak Reference
    __arm_relocate_pie_                       - Undefined Weak Reference
    __cpp_initialize__aeabi_                  - Undefined Weak Reference
    __cxa_finalize                            - Undefined Weak Reference
    __sigvec_lookup                           - Undefined Weak Reference
    _atexit_init                              - Undefined Weak Reference
    _call_atexit_fns                          - Undefined Weak Reference
    _clock_init                               - Undefined Weak Reference
    _fp_trap_init                             - Undefined Weak Reference
    _fp_trap_shutdown                         - Undefined Weak Reference
    _get_lc_collate                           - Undefined Weak Reference
    _get_lc_monetary                          - Undefined Weak Reference
    _get_lc_time                              - Undefined Weak Reference
    _getenv_init                              - Undefined Weak Reference
    _handle_redirection                       - Undefined Weak Reference
    _init_alloc                               - Undefined Weak Reference
    _init_user_alloc                          - Undefined Weak Reference
    _initio                                   - Undefined Weak Reference
    _printf_mbtowc                            - Undefined Weak Reference
    _printf_wc                                - Undefined Weak Reference
    _rand_init                                - Undefined Weak Reference
    _signal_finish                            - Undefined Weak Reference
    _signal_init                              - Undefined Weak Reference
    _terminate_alloc                          - Undefined Weak Reference
    _terminate_user_alloc                     - Undefined Weak Reference
    _terminateio                              - Undefined Weak Reference
    __Vectors_Size                           0x000001f8   Number         0  startup_stm32f767xx.o ABSOLUTE
    __Vectors                                0x08000000   Data           4  startup_stm32f767xx.o(RESET)
    __Vectors_End                            0x080001f8   Data           0  startup_stm32f767xx.o(RESET)
    __main                                   0x080001f9   Thumb Code     8  __main.o(!!!main)
    __scatterload                            0x08000201   Thumb Code     0  __scatter.o(!!!scatter)
    __scatterload_rt2                        0x08000201   Thumb Code    44  __scatter.o(!!!scatter)
    __scatterload_rt2_thumb_only             0x08000201   Thumb Code     0  __scatter.o(!!!scatter)
    __scatterload_null                       0x0800020f   Thumb Code     0  __scatter.o(!!!scatter)
    __decompress                             0x08000235   Thumb Code   100  __dclz77c.o(!!dclz77c)
    __decompress2                            0x08000235   Thumb Code     0  __dclz77c.o(!!dclz77c)
    __scatterload_zeroinit                   0x08000299   Thumb Code    28  __scatter_zi.o(!!handler_zi)
    _printf_n                                0x080002b5   Thumb Code     0  _printf_n.o(.ARM.Collect$$_printf_percent$$00000001)
    _printf_percent                          0x080002b5   Thumb Code     0  _printf_percent.o(.ARM.Collect$$_printf_percent$$00000000)
    _printf_p                                0x080002bb   Thumb Code     0  _printf_p.o(.ARM.Collect$$_printf_percent$$00000002)
    _printf_f                                0x080002c1   Thumb Code     0  _printf_f.o(.ARM.Collect$$_printf_percent$$00000003)
    _printf_e                                0x080002c7   Thumb Code     0  _printf_e.o(.ARM.Collect$$_printf_percent$$00000004)
    _printf_g                                0x080002cd   Thumb Code     0  _printf_g.o(.ARM.Collect$$_printf_percent$$00000005)
    _printf_a                                0x080002d3   Thumb Code     0  _printf_a.o(.ARM.Collect$$_printf_percent$$00000006)
    _printf_ll                               0x080002d9   Thumb Code     0  _printf_ll.o(.ARM.Collect$$_printf_percent$$00000007)
    _printf_i                                0x080002e3   Thumb Code     0  _printf_i.o(.ARM.Collect$$_printf_percent$$00000008)
    _printf_d                                0x080002e9   Thumb Code     0  _printf_d.o(.ARM.Collect$$_printf_percent$$00000009)
    _printf_u                                0x080002ef   Thumb Code     0  _printf_u.o(.ARM.Collect$$_printf_percent$$0000000A)
    _printf_o                                0x080002f5   Thumb Code     0  _printf_o.o(.ARM.Collect$$_printf_percent$$0000000B)
    _printf_x                                0x080002fb   Thumb Code     0  _printf_x.o(.ARM.Collect$$_printf_percent$$0000000C)
    _printf_lli                              0x08000301   Thumb Code     0  _printf_lli.o(.ARM.Collect$$_printf_percent$$0000000D)
    _printf_lld                              0x08000307   Thumb Code     0  _printf_lld.o(.ARM.Collect$$_printf_percent$$0000000E)
    _printf_llu                              0x0800030d   Thumb Code     0  _printf_llu.o(.ARM.Collect$$_printf_percent$$0000000F)
    _printf_llo                              0x08000313   Thumb Code     0  _printf_llo.o(.ARM.Collect$$_printf_percent$$00000010)
    _printf_llx                              0x08000319   Thumb Code     0  _printf_llx.o(.ARM.Collect$$_printf_percent$$00000011)
    _printf_l                                0x0800031f   Thumb Code     0  _printf_l.o(.ARM.Collect$$_printf_percent$$00000012)
    _printf_c                                0x08000329   Thumb Code     0  _printf_c.o(.ARM.Collect$$_printf_percent$$00000013)
    _printf_s                                0x0800032f   Thumb Code     0  _printf_s.o(.ARM.Collect$$_printf_percent$$00000014)
    _printf_lc                               0x08000335   Thumb Code     0  _printf_lc.o(.ARM.Collect$$_printf_percent$$00000015)
    _printf_ls                               0x0800033b   Thumb Code     0  _printf_ls.o(.ARM.Collect$$_printf_percent$$00000016)
    _printf_percent_end                      0x08000341   Thumb Code     0  _printf_percent_end.o(.ARM.Collect$$_printf_percent$$00000017)
    __rt_lib_init                            0x08000345   Thumb Code     0  libinit.o(.ARM.Collect$$libinit$$00000000)
    __rt_lib_init_fp_1                       0x08000347   Thumb Code     0  libinit2.o(.ARM.Collect$$libinit$$00000001)
    __rt_lib_init_heap_1                     0x0800034b   Thumb Code     0  libinit2.o(.ARM.Collect$$libinit$$0000000C)
    __rt_lib_init_lc_common                  0x0800034b   Thumb Code     0  libinit2.o(.ARM.Collect$$libinit$$00000011)
    __rt_lib_init_preinit_1                  0x0800034b   Thumb Code     0  libinit2.o(.ARM.Collect$$libinit$$00000006)
    __rt_lib_init_rand_1                     0x0800034b   Thumb Code     0  libinit2.o(.ARM.Collect$$libinit$$00000010)
    __rt_lib_init_relocate_pie_1             0x0800034b   Thumb Code     0  libinit2.o(.ARM.Collect$$libinit$$00000004)
    __rt_lib_init_user_alloc_1               0x0800034b   Thumb Code     0  libinit2.o(.ARM.Collect$$libinit$$0000000E)
    __rt_lib_init_lc_collate_1               0x08000351   Thumb Code     0  libinit2.o(.ARM.Collect$$libinit$$00000013)
    __rt_lib_init_lc_ctype_2                 0x08000351   Thumb Code     0  libinit2.o(.ARM.Collect$$libinit$$00000014)
    __rt_lib_init_lc_ctype_1                 0x0800035d   Thumb Code     0  libinit2.o(.ARM.Collect$$libinit$$00000015)
    __rt_lib_init_lc_monetary_1              0x0800035d   Thumb Code     0  libinit2.o(.ARM.Collect$$libinit$$00000017)
    __rt_lib_init_lc_numeric_2               0x0800035d   Thumb Code     0  libinit2.o(.ARM.Collect$$libinit$$00000018)
    __rt_lib_init_alloca_1                   0x08000367   Thumb Code     0  libinit2.o(.ARM.Collect$$libinit$$00000030)
    __rt_lib_init_argv_1                     0x08000367   Thumb Code     0  libinit2.o(.ARM.Collect$$libinit$$0000002E)
    __rt_lib_init_atexit_1                   0x08000367   Thumb Code     0  libinit2.o(.ARM.Collect$$libinit$$0000001D)
    __rt_lib_init_clock_1                    0x08000367   Thumb Code     0  libinit2.o(.ARM.Collect$$libinit$$00000023)
    __rt_lib_init_cpp_1                      0x08000367   Thumb Code     0  libinit2.o(.ARM.Collect$$libinit$$00000034)
    __rt_lib_init_exceptions_1               0x08000367   Thumb Code     0  libinit2.o(.ARM.Collect$$libinit$$00000032)
    __rt_lib_init_fp_trap_1                  0x08000367   Thumb Code     0  libinit2.o(.ARM.Collect$$libinit$$00000021)
    __rt_lib_init_getenv_1                   0x08000367   Thumb Code     0  libinit2.o(.ARM.Collect$$libinit$$00000025)
    __rt_lib_init_lc_numeric_1               0x08000367   Thumb Code     0  libinit2.o(.ARM.Collect$$libinit$$00000019)
    __rt_lib_init_lc_time_1                  0x08000367   Thumb Code     0  libinit2.o(.ARM.Collect$$libinit$$0000001B)
    __rt_lib_init_return                     0x08000367   Thumb Code     0  libinit2.o(.ARM.Collect$$libinit$$00000035)
    __rt_lib_init_signal_1                   0x08000367   Thumb Code     0  libinit2.o(.ARM.Collect$$libinit$$0000001F)
    __rt_lib_init_stdio_1                    0x08000367   Thumb Code     0  libinit2.o(.ARM.Collect$$libinit$$00000027)
    __rt_lib_shutdown                        0x08000369   Thumb Code     0  libshutdown.o(.ARM.Collect$$libshutdown$$00000000)
    __rt_lib_shutdown_cpp_1                  0x0800036b   Thumb Code     0  libshutdown2.o(.ARM.Collect$$libshutdown$$00000002)
    __rt_lib_shutdown_fp_trap_1              0x0800036b   Thumb Code     0  libshutdown2.o(.ARM.Collect$$libshutdown$$00000007)
    __rt_lib_shutdown_heap_1                 0x0800036b   Thumb Code     0  libshutdown2.o(.ARM.Collect$$libshutdown$$0000000F)
    __rt_lib_shutdown_return                 0x0800036b   Thumb Code     0  libshutdown2.o(.ARM.Collect$$libshutdown$$00000010)
    __rt_lib_shutdown_signal_1               0x0800036b   Thumb Code     0  libshutdown2.o(.ARM.Collect$$libshutdown$$0000000A)
    __rt_lib_shutdown_stdio_1                0x0800036b   Thumb Code     0  libshutdown2.o(.ARM.Collect$$libshutdown$$00000004)
    __rt_lib_shutdown_user_alloc_1           0x0800036b   Thumb Code     0  libshutdown2.o(.ARM.Collect$$libshutdown$$0000000C)
    __rt_entry                               0x0800036d   Thumb Code     0  __rtentry.o(.ARM.Collect$$rtentry$$00000000)
    __rt_entry_presh_1                       0x0800036d   Thumb Code     0  __rtentry2.o(.ARM.Collect$$rtentry$$00000002)
    __rt_entry_sh                            0x0800036d   Thumb Code     0  __rtentry4.o(.ARM.Collect$$rtentry$$00000004)
    __rt_entry_li                            0x08000373   Thumb Code     0  __rtentry2.o(.ARM.Collect$$rtentry$$0000000A)
    __rt_entry_postsh_1                      0x08000373   Thumb Code     0  __rtentry2.o(.ARM.Collect$$rtentry$$00000009)
    __rt_entry_main                          0x08000377   Thumb Code     0  __rtentry2.o(.ARM.Collect$$rtentry$$0000000D)
    __rt_entry_postli_1                      0x08000377   Thumb Code     0  __rtentry2.o(.ARM.Collect$$rtentry$$0000000C)
    __rt_exit                                0x0800037f   Thumb Code     0  rtexit.o(.ARM.Collect$$rtexit$$00000000)
    __rt_exit_ls                             0x08000381   Thumb Code     0  rtexit2.o(.ARM.Collect$$rtexit$$00000003)
    __rt_exit_prels_1                        0x08000381   Thumb Code     0  rtexit2.o(.ARM.Collect$$rtexit$$00000002)
    __rt_exit_exit                           0x08000385   Thumb Code     0  rtexit2.o(.ARM.Collect$$rtexit$$00000004)
    Reset_Handler                            0x0800038d   Thumb Code     8  startup_stm32f767xx.o(.text)
    NMI_Handler                              0x08000395   Thumb Code     2  startup_stm32f767xx.o(.text)
    HardFault_Handler                        0x08000397   Thumb Code     2  startup_stm32f767xx.o(.text)
    MemManage_Handler                        0x08000399   Thumb Code     2  startup_stm32f767xx.o(.text)
    BusFault_Handler                         0x0800039b   Thumb Code     2  startup_stm32f767xx.o(.text)
    UsageFault_Handler                       0x0800039d   Thumb Code     2  startup_stm32f767xx.o(.text)
    SVC_Handler                              0x0800039f   Thumb Code     2  startup_stm32f767xx.o(.text)
    DebugMon_Handler                         0x080003a1   Thumb Code     2  startup_stm32f767xx.o(.text)
    PendSV_Handler                           0x080003a3   Thumb Code     2  startup_stm32f767xx.o(.text)
    SysTick_Handler                          0x080003a5   Thumb Code     2  startup_stm32f767xx.o(.text)
    ADC_IRQHandler                           0x080003a7   Thumb Code     0  startup_stm32f767xx.o(.text)
    CAN1_RX0_IRQHandler                      0x080003a7   Thumb Code     0  startup_stm32f767xx.o(.text)
    CAN1_RX1_IRQHandler                      0x080003a7   Thumb Code     0  startup_stm32f767xx.o(.text)
    CAN1_SCE_IRQHandler                      0x080003a7   Thumb Code     0  startup_stm32f767xx.o(.text)
    CAN1_TX_IRQHandler                       0x080003a7   Thumb Code     0  startup_stm32f767xx.o(.text)
    CAN2_RX0_IRQHandler                      0x080003a7   Thumb Code     0  startup_stm32f767xx.o(.text)
    CAN2_RX1_IRQHandler                      0x080003a7   Thumb Code     0  startup_stm32f767xx.o(.text)
    CAN2_SCE_IRQHandler                      0x080003a7   Thumb Code     0  startup_stm32f767xx.o(.text)
    CAN2_TX_IRQHandler                       0x080003a7   Thumb Code     0  startup_stm32f767xx.o(.text)
    CAN3_RX0_IRQHandler                      0x080003a7   Thumb Code     0  startup_stm32f767xx.o(.text)
    CAN3_RX1_IRQHandler                      0x080003a7   Thumb Code     0  startup_stm32f767xx.o(.text)
    CAN3_SCE_IRQHandler                      0x080003a7   Thumb Code     0  startup_stm32f767xx.o(.text)
    CAN3_TX_IRQHandler                       0x080003a7   Thumb Code     0  startup_stm32f767xx.o(.text)
    CEC_IRQHandler                           0x080003a7   Thumb Code     0  startup_stm32f767xx.o(.text)
    DCMI_IRQHandler                          0x080003a7   Thumb Code     0  startup_stm32f767xx.o(.text)
    DFSDM1_FLT0_IRQHandler                   0x080003a7   Thumb Code     0  startup_stm32f767xx.o(.text)
    DFSDM1_FLT1_IRQHandler                   0x080003a7   Thumb Code     0  startup_stm32f767xx.o(.text)
    DFSDM1_FLT2_IRQHandler                   0x080003a7   Thumb Code     0  startup_stm32f767xx.o(.text)
    DFSDM1_FLT3_IRQHandler                   0x080003a7   Thumb Code     0  startup_stm32f767xx.o(.text)
    DMA1_Stream0_IRQHandler                  0x080003a7   Thumb Code     0  startup_stm32f767xx.o(.text)
    DMA1_Stream1_IRQHandler                  0x080003a7   Thumb Code     0  startup_stm32f767xx.o(.text)
    DMA1_Stream2_IRQHandler                  0x080003a7   Thumb Code     0  startup_stm32f767xx.o(.text)
    DMA1_Stream3_IRQHandler                  0x080003a7   Thumb Code     0  startup_stm32f767xx.o(.text)
    DMA1_Stream4_IRQHandler                  0x080003a7   Thumb Code     0  startup_stm32f767xx.o(.text)
    DMA1_Stream5_IRQHandler                  0x080003a7   Thumb Code     0  startup_stm32f767xx.o(.text)
    DMA1_Stream6_IRQHandler                  0x080003a7   Thumb Code     0  startup_stm32f767xx.o(.text)
    DMA1_Stream7_IRQHandler                  0x080003a7   Thumb Code     0  startup_stm32f767xx.o(.text)
    DMA2D_IRQHandler                         0x080003a7   Thumb Code     0  startup_stm32f767xx.o(.text)
    DMA2_Stream0_IRQHandler                  0x080003a7   Thumb Code     0  startup_stm32f767xx.o(.text)
    DMA2_Stream1_IRQHandler                  0x080003a7   Thumb Code     0  startup_stm32f767xx.o(.text)
    DMA2_Stream2_IRQHandler                  0x080003a7   Thumb Code     0  startup_stm32f767xx.o(.text)
    DMA2_Stream3_IRQHandler                  0x080003a7   Thumb Code     0  startup_stm32f767xx.o(.text)
    DMA2_Stream4_IRQHandler                  0x080003a7   Thumb Code     0  startup_stm32f767xx.o(.text)
    DMA2_Stream5_IRQHandler                  0x080003a7   Thumb Code     0  startup_stm32f767xx.o(.text)
    DMA2_Stream6_IRQHandler                  0x080003a7   Thumb Code     0  startup_stm32f767xx.o(.text)
    DMA2_Stream7_IRQHandler                  0x080003a7   Thumb Code     0  startup_stm32f767xx.o(.text)
    ETH_IRQHandler                           0x080003a7   Thumb Code     0  startup_stm32f767xx.o(.text)
    ETH_WKUP_IRQHandler                      0x080003a7   Thumb Code     0  startup_stm32f767xx.o(.text)
    EXTI0_IRQHandler                         0x080003a7   Thumb Code     0  startup_stm32f767xx.o(.text)
    EXTI15_10_IRQHandler                     0x080003a7   Thumb Code     0  startup_stm32f767xx.o(.text)
    EXTI1_IRQHandler                         0x080003a7   Thumb Code     0  startup_stm32f767xx.o(.text)
    EXTI2_IRQHandler                         0x080003a7   Thumb Code     0  startup_stm32f767xx.o(.text)
    EXTI3_IRQHandler                         0x080003a7   Thumb Code     0  startup_stm32f767xx.o(.text)
    EXTI4_IRQHandler                         0x080003a7   Thumb Code     0  startup_stm32f767xx.o(.text)
    EXTI9_5_IRQHandler                       0x080003a7   Thumb Code     0  startup_stm32f767xx.o(.text)
    FLASH_IRQHandler                         0x080003a7   Thumb Code     0  startup_stm32f767xx.o(.text)
    FMC_IRQHandler                           0x080003a7   Thumb Code     0  startup_stm32f767xx.o(.text)
    FPU_IRQHandler                           0x080003a7   Thumb Code     0  startup_stm32f767xx.o(.text)
    I2C1_ER_IRQHandler                       0x080003a7   Thumb Code     0  startup_stm32f767xx.o(.text)
    I2C1_EV_IRQHandler                       0x080003a7   Thumb Code     0  startup_stm32f767xx.o(.text)
    I2C2_ER_IRQHandler                       0x080003a7   Thumb Code     0  startup_stm32f767xx.o(.text)
    I2C2_EV_IRQHandler                       0x080003a7   Thumb Code     0  startup_stm32f767xx.o(.text)
    I2C3_ER_IRQHandler                       0x080003a7   Thumb Code     0  startup_stm32f767xx.o(.text)
    I2C3_EV_IRQHandler                       0x080003a7   Thumb Code     0  startup_stm32f767xx.o(.text)
    I2C4_ER_IRQHandler                       0x080003a7   Thumb Code     0  startup_stm32f767xx.o(.text)
    I2C4_EV_IRQHandler                       0x080003a7   Thumb Code     0  startup_stm32f767xx.o(.text)
    JPEG_IRQHandler                          0x080003a7   Thumb Code     0  startup_stm32f767xx.o(.text)
    LPTIM1_IRQHandler                        0x080003a7   Thumb Code     0  startup_stm32f767xx.o(.text)
    LTDC_ER_IRQHandler                       0x080003a7   Thumb Code     0  startup_stm32f767xx.o(.text)
    LTDC_IRQHandler                          0x080003a7   Thumb Code     0  startup_stm32f767xx.o(.text)
    MDIOS_IRQHandler                         0x080003a7   Thumb Code     0  startup_stm32f767xx.o(.text)
    OTG_FS_IRQHandler                        0x080003a7   Thumb Code     0  startup_stm32f767xx.o(.text)
    OTG_FS_WKUP_IRQHandler                   0x080003a7   Thumb Code     0  startup_stm32f767xx.o(.text)
    OTG_HS_EP1_IN_IRQHandler                 0x080003a7   Thumb Code     0  startup_stm32f767xx.o(.text)
    OTG_HS_EP1_OUT_IRQHandler                0x080003a7   Thumb Code     0  startup_stm32f767xx.o(.text)
    OTG_HS_IRQHandler                        0x080003a7   Thumb Code     0  startup_stm32f767xx.o(.text)
    OTG_HS_WKUP_IRQHandler                   0x080003a7   Thumb Code     0  startup_stm32f767xx.o(.text)
    PVD_IRQHandler                           0x080003a7   Thumb Code     0  startup_stm32f767xx.o(.text)
    QUADSPI_IRQHandler                       0x080003a7   Thumb Code     0  startup_stm32f767xx.o(.text)
    RCC_IRQHandler                           0x080003a7   Thumb Code     0  startup_stm32f767xx.o(.text)
    RNG_IRQHandler                           0x080003a7   Thumb Code     0  startup_stm32f767xx.o(.text)
    RTC_Alarm_IRQHandler                     0x080003a7   Thumb Code     0  startup_stm32f767xx.o(.text)
    RTC_WKUP_IRQHandler                      0x080003a7   Thumb Code     0  startup_stm32f767xx.o(.text)
    SAI1_IRQHandler                          0x080003a7   Thumb Code     0  startup_stm32f767xx.o(.text)
    SAI2_IRQHandler                          0x080003a7   Thumb Code     0  startup_stm32f767xx.o(.text)
    SDMMC1_IRQHandler                        0x080003a7   Thumb Code     0  startup_stm32f767xx.o(.text)
    SDMMC2_IRQHandler                        0x080003a7   Thumb Code     0  startup_stm32f767xx.o(.text)
    SPDIF_RX_IRQHandler                      0x080003a7   Thumb Code     0  startup_stm32f767xx.o(.text)
    SPI1_IRQHandler                          0x080003a7   Thumb Code     0  startup_stm32f767xx.o(.text)
    SPI2_IRQHandler                          0x080003a7   Thumb Code     0  startup_stm32f767xx.o(.text)
    SPI3_IRQHandler                          0x080003a7   Thumb Code     0  startup_stm32f767xx.o(.text)
    SPI4_IRQHandler                          0x080003a7   Thumb Code     0  startup_stm32f767xx.o(.text)
    SPI5_IRQHandler                          0x080003a7   Thumb Code     0  startup_stm32f767xx.o(.text)
    SPI6_IRQHandler                          0x080003a7   Thumb Code     0  startup_stm32f767xx.o(.text)
    TAMP_STAMP_IRQHandler                    0x080003a7   Thumb Code     0  startup_stm32f767xx.o(.text)
    TIM1_BRK_TIM9_IRQHandler                 0x080003a7   Thumb Code     0  startup_stm32f767xx.o(.text)
    TIM1_CC_IRQHandler                       0x080003a7   Thumb Code     0  startup_stm32f767xx.o(.text)
    TIM1_TRG_COM_TIM11_IRQHandler            0x080003a7   Thumb Code     0  startup_stm32f767xx.o(.text)
    TIM1_UP_TIM10_IRQHandler                 0x080003a7   Thumb Code     0  startup_stm32f767xx.o(.text)
    TIM2_IRQHandler                          0x080003a7   Thumb Code     0  startup_stm32f767xx.o(.text)
    TIM3_IRQHandler                          0x080003a7   Thumb Code     0  startup_stm32f767xx.o(.text)
    TIM4_IRQHandler                          0x080003a7   Thumb Code     0  startup_stm32f767xx.o(.text)
    TIM5_IRQHandler                          0x080003a7   Thumb Code     0  startup_stm32f767xx.o(.text)
    TIM6_DAC_IRQHandler                      0x080003a7   Thumb Code     0  startup_stm32f767xx.o(.text)
    TIM7_IRQHandler                          0x080003a7   Thumb Code     0  startup_stm32f767xx.o(.text)
    TIM8_BRK_TIM12_IRQHandler                0x080003a7   Thumb Code     0  startup_stm32f767xx.o(.text)
    TIM8_CC_IRQHandler                       0x080003a7   Thumb Code     0  startup_stm32f767xx.o(.text)
    TIM8_TRG_COM_TIM14_IRQHandler            0x080003a7   Thumb Code     0  startup_stm32f767xx.o(.text)
    TIM8_UP_TIM13_IRQHandler                 0x080003a7   Thumb Code     0  startup_stm32f767xx.o(.text)
    UART4_IRQHandler                         0x080003a7   Thumb Code     0  startup_stm32f767xx.o(.text)
    UART5_IRQHandler                         0x080003a7   Thumb Code     0  startup_stm32f767xx.o(.text)
    UART7_IRQHandler                         0x080003a7   Thumb Code     0  startup_stm32f767xx.o(.text)
    UART8_IRQHandler                         0x080003a7   Thumb Code     0  startup_stm32f767xx.o(.text)
    USART1_IRQHandler                        0x080003a7   Thumb Code     0  startup_stm32f767xx.o(.text)
    USART2_IRQHandler                        0x080003a7   Thumb Code     0  startup_stm32f767xx.o(.text)
    USART3_IRQHandler                        0x080003a7   Thumb Code     0  startup_stm32f767xx.o(.text)
    USART6_IRQHandler                        0x080003a7   Thumb Code     0  startup_stm32f767xx.o(.text)
    WWDG_IRQHandler                          0x080003a7   Thumb Code     0  startup_stm32f767xx.o(.text)
    __user_initial_stackheap                 0x080003a9   Thumb Code     0  startup_stm32f767xx.o(.text)
    vsprintf                                 0x080003cd   Thumb Code    32  vsprintf.o(.text)
    vsnprintf                                0x080003f1   Thumb Code    56  vsnprintf.o(.text)
    __use_two_region_memory                  0x0800042d   Thumb Code     2  heapauxi.o(.text)
    __rt_heap_escrow$2region                 0x0800042f   Thumb Code     2  heapauxi.o(.text)
    __rt_heap_expand$2region                 0x08000431   Thumb Code     2  heapauxi.o(.text)
    _printf_pre_padding                      0x08000433   Thumb Code    44  _printf_pad.o(.text)
    _printf_post_padding                     0x0800045f   Thumb Code    34  _printf_pad.o(.text)
    _printf_truncate_signed                  0x08000481   Thumb Code    18  _printf_truncate.o(.text)
    _printf_truncate_unsigned                0x08000493   Thumb Code    18  _printf_truncate.o(.text)
    _printf_str                              0x080004a5   Thumb Code    82  _printf_str.o(.text)
    _printf_int_dec                          0x080004f9   Thumb Code   104  _printf_dec.o(.text)
    _printf_charcount                        0x08000571   Thumb Code    40  _printf_charcount.o(.text)
    _printf_char_common                      0x080005a3   Thumb Code    32  _printf_char_common.o(.text)
    _sputc                                   0x080005c9   Thumb Code    10  _sputc.o(.text)
    _snputc                                  0x080005d3   Thumb Code    16  _snputc.o(.text)
    _printf_wctomb                           0x080005e5   Thumb Code   182  _printf_wctomb.o(.text)
    _printf_longlong_dec                     0x080006a1   Thumb Code   108  _printf_longlong_dec.o(.text)
    _printf_longlong_oct                     0x0800071d   Thumb Code    68  _printf_oct_int_ll.o(.text)
    _printf_int_oct                          0x08000761   Thumb Code    24  _printf_oct_int_ll.o(.text)
    _printf_ll_oct                           0x08000779   Thumb Code    12  _printf_oct_int_ll.o(.text)
    _printf_longlong_hex                     0x0800078d   Thumb Code    86  _printf_hex_int_ll_ptr.o(.text)
    _printf_int_hex                          0x080007e3   Thumb Code    28  _printf_hex_int_ll_ptr.o(.text)
    _printf_ll_hex                           0x080007ff   Thumb Code    12  _printf_hex_int_ll_ptr.o(.text)
    _printf_hex_ptr                          0x0800080b   Thumb Code    18  _printf_hex_int_ll_ptr.o(.text)
    __printf                                 0x08000821   Thumb Code   388  __printf_flags_ss_wp.o(.text)
    _ll_udiv10                               0x080009a9   Thumb Code   138  lludiv10.o(.text)
    _printf_int_common                       0x08000a33   Thumb Code   178  _printf_intcommon.o(.text)
    _printf_fp_dec_real                      0x08000c95   Thumb Code   620  _printf_fp_dec.o(.text)
    _printf_fp_hex_real                      0x08000f01   Thumb Code   756  _printf_fp_hex.o(.text)
    _printf_cs_common                        0x080011fd   Thumb Code    20  _printf_char.o(.text)
    _printf_char                             0x08001211   Thumb Code    16  _printf_char.o(.text)
    _printf_string                           0x08001221   Thumb Code     8  _printf_char.o(.text)
    _printf_lcs_common                       0x08001229   Thumb Code    20  _printf_wchar.o(.text)
    _printf_wchar                            0x0800123d   Thumb Code    16  _printf_wchar.o(.text)
    _printf_wstring                          0x0800124d   Thumb Code     8  _printf_wchar.o(.text)
    _c16rtomb                                0x08001255   Thumb Code    72  _c16rtomb.o(.text)
    _wcrtomb                                 0x08001255   Thumb Code     0  _c16rtomb.o(.text)
    __user_setup_stackheap                   0x0800129d   Thumb Code    74  sys_stackheap_outer.o(.text)
    __rt_ctype_table                         0x080012e9   Thumb Code    16  rt_ctype_table.o(.text)
    __rt_locale                              0x080012f9   Thumb Code     8  rt_locale_intlibspace.o(.text)
    _printf_fp_infnan                        0x08001301   Thumb Code   112  _printf_fp_infnan.o(.text)
    _btod_etento                             0x08001381   Thumb Code   224  bigflt0.o(.text)
    exit                                     0x08001465   Thumb Code    18  exit.o(.text)
    __user_libspace                          0x08001479   Thumb Code     8  libspace.o(.text)
    __user_perproc_libspace                  0x08001479   Thumb Code     0  libspace.o(.text)
    __user_perthread_libspace                0x08001479   Thumb Code     0  libspace.o(.text)
    strcmp                                   0x08001481   Thumb Code   124  strcmpv7m_pel.o(.text)
    _sys_exit                                0x080014fd   Thumb Code     8  sys_exit.o(.text)
    __I$use$semihosting                      0x08001509   Thumb Code     0  use_no_semi.o(.text)
    __use_no_semihosting_swi                 0x08001509   Thumb Code     2  use_no_semi.o(.text)
    __semihosting_library_function           0x0800150b   Thumb Code     0  indicate_semi.o(.text)
    DS3231_BCD_DEC                           0x08001511   Thumb Code    24  ds3231.o(.text.DS3231_BCD_DEC)
    DS3231_Init                              0x08001529   Thumb Code   144  ds3231.o(.text.DS3231_Init)
    DS3231_Read                              0x080015b9   Thumb Code   392  ds3231.o(.text.DS3231_Read)
    GPIO_DigitalWrite                        0x08001741   Thumb Code    68  gpio.o(.text.GPIO_DigitalWrite)
    GPIO_PinMode                             0x08001789   Thumb Code   472  gpio.o(.text.GPIO_PinMode)
    ST7920_Clear                             0x08001961   Thumb Code   172  st7920.o(.text.ST7920_Clear)
    ST7920_Clear_GLCD_Buffer                 0x08001a11   Thumb Code    48  st7920.o(.text.ST7920_Clear_GLCD_Buffer)
    ST7920_DrawBitmap                        0x08001a41   Thumb Code   264  st7920.o(.text.ST7920_DrawBitmap)
    ST7920_Font_Print                        0x08001b49   Thumb Code   446  st7920.o(.text.ST7920_Font_Print)
    ST7920_GraphicMode                       0x08001d09   Thumb Code   104  st7920.o(.text.ST7920_GraphicMode)
    ST7920_Init                              0x08001d71   Thumb Code   146  st7920.o(.text.ST7920_Init)
    ST7920_Send_GLCD_Buffer                  0x08001e99   Thumb Code    16  st7920.o(.text.ST7920_Send_GLCD_Buffer)
    SetPixel                                 0x08001fb1   Thumb Code   206  st7920.o(.text.SetPixel)
    SystemInit                               0x08002081   Thumb Code    18  system_stm32f7xx.o(.text.SystemInit)
    TIM_Wait                                 0x08002099   Thumb Code   104  tim.o(.text.TIM_Wait)
    TIM_WaitMicros                           0x08002101   Thumb Code   102  tim.o(.text.TIM_WaitMicros)
    URM37_GetDistance                        0x08002169   Thumb Code    78  urm37.o(.text.URM37_GetDistance)
    URM37_GetTemperature                     0x080021b9   Thumb Code   192  urm37.o(.text.URM37_GetTemperature)
    URM37_Init                               0x080022c1   Thumb Code   128  urm37.o(.text.URM37_Init)
    USART_Serial_Begin                       0x080023b9   Thumb Code   110  usart.o(.text.USART_Serial_Begin)
    USART_Serial_Print                       0x08002429   Thumb Code   104  usart.o(.text.USART_Serial_Print)
    main                                     0x08002491   Thumb Code   596  main.o(.text.main)
    _btod_d2e                                0x08002771   Thumb Code    62  btod.o(CL$$btod_d2e)
    _d2e_denorm_low                          0x080027af   Thumb Code    70  btod.o(CL$$btod_d2e_denorm_low)
    _d2e_norm_op1                            0x080027f5   Thumb Code    96  btod.o(CL$$btod_d2e_norm_op1)
    __btod_div_common                        0x08002855   Thumb Code   696  btod.o(CL$$btod_div_common)
    _e2e                                     0x08002b8d   Thumb Code   220  btod.o(CL$$btod_e2e)
    _btod_ediv                               0x08002c69   Thumb Code    42  btod.o(CL$$btod_ediv)
    _btod_emul                               0x08002c93   Thumb Code    42  btod.o(CL$$btod_emul)
    __btod_mult_common                       0x08002cbd   Thumb Code   580  btod.o(CL$$btod_mult_common)
    __ARM_fpclassify                         0x08002f01   Thumb Code    48  fpclassify.o(i.__ARM_fpclassify)
    _is_digit                                0x08002f31   Thumb Code    14  __printf_wp.o(i._is_digit)
    _get_lc_numeric                          0x08002f41   Thumb Code    44  lc_numeric_c.o(locale$$code)
    _get_lc_ctype                            0x08002f6d   Thumb Code    44  lc_ctype_c.o(locale$$code)
    _fp_init                                 0x08002f99   Thumb Code    26  fpinit.o(x$fpl$fpinit)
    __fplib_config_fpu_vfp                   0x08002fb1   Thumb Code     0  fpinit.o(x$fpl$fpinit)
    __fplib_config_pureend_doubles           0x08002fb1   Thumb Code     0  fpinit.o(x$fpl$fpinit)
    _printf_fp_dec                           0x08002fb3   Thumb Code     4  printf1.o(x$fpl$printf1)
    _printf_fp_hex                           0x08002fb7   Thumb Code     4  printf2.o(x$fpl$printf2)
    __I$use$fp                               0x08002fba   Number         0  usenofp.o(x$fpl$usenofp)
    Region$$Table$$Base                      0x08003118   Number         0  anon$$obj.o(Region$$Table)
    Region$$Table$$Limit                     0x08003138   Number         0  anon$$obj.o(Region$$Table)
    __ctype                                  0x08003161   Data           0  lc_ctype_c.o(locale$$data)
    SystemCoreClock                          0x200233cc   Data           4  system_stm32f7xx.o(.data.SystemCoreClock)
    __libspace_start                         0x200233d8   Data          96  libspace.o(.bss)
    DS3231_HS                                0x20023438   Data           1  ds3231.o(.bss.DS3231_HS)
    __temporary_stack_top$libspace           0x20023438   Data           0  libspace.o(.bss)
    distance                                 0x2002383e   Data           2  main.o(.bss.distance)
    lcd_data                                 0x20023840   Data           3  st7920.o(.bss.lcd_data)
    temperature                              0x20023844   Data           4  main.o(.bss.temperature)



==============================================================================

Memory Map of the image

  Image Entry point : 0x0800038d

  Load Region LR_1 (Base: 0x08000000, Size: 0x00006638, Max: 0xffffffff, ABSOLUTE, COMPRESSED[0x00004094])

    Execution Region ER_RO (Exec base: 0x08000000, Load base: 0x08000000, Size: 0x00003264, Max: 0xffffffff, ABSOLUTE)

    Exec Addr    Load Addr    Size         Type   Attr      Idx    E Section Name        Object

    0x08000000   0x08000000   0x000001f8   Data   RO          164    RESET               startup_stm32f767xx.o
    0x080001f8   0x080001f8   0x00000008   Code   RO          193  * !!!main             c_w.l(__main.o)
    0x08000200   0x08000200   0x00000034   Code   RO          534    !!!scatter          c_w.l(__scatter.o)
    0x08000234   0x08000234   0x00000064   Code   RO          532    !!dclz77c           c_w.l(__dclz77c.o)
    0x08000298   0x08000298   0x0000001c   Code   RO          536    !!handler_zi        c_w.l(__scatter_zi.o)
    0x080002b4   0x080002b4   0x00000000   Code   RO          279    .ARM.Collect$$_printf_percent$$00000000  c_w.l(_printf_percent.o)
    0x080002b4   0x080002b4   0x00000006   Code   RO          268    .ARM.Collect$$_printf_percent$$00000001  c_w.l(_printf_n.o)
    0x080002ba   0x080002ba   0x00000006   Code   RO          270    .ARM.Collect$$_printf_percent$$00000002  c_w.l(_printf_p.o)
    0x080002c0   0x080002c0   0x00000006   Code   RO          275    .ARM.Collect$$_printf_percent$$00000003  c_w.l(_printf_f.o)
    0x080002c6   0x080002c6   0x00000006   Code   RO          276    .ARM.Collect$$_printf_percent$$00000004  c_w.l(_printf_e.o)
    0x080002cc   0x080002cc   0x00000006   Code   RO          277    .ARM.Collect$$_printf_percent$$00000005  c_w.l(_printf_g.o)
    0x080002d2   0x080002d2   0x00000006   Code   RO          278    .ARM.Collect$$_printf_percent$$00000006  c_w.l(_printf_a.o)
    0x080002d8   0x080002d8   0x0000000a   Code   RO          283    .ARM.Collect$$_printf_percent$$00000007  c_w.l(_printf_ll.o)
    0x080002e2   0x080002e2   0x00000006   Code   RO          272    .ARM.Collect$$_printf_percent$$00000008  c_w.l(_printf_i.o)
    0x080002e8   0x080002e8   0x00000006   Code   RO          273    .ARM.Collect$$_printf_percent$$00000009  c_w.l(_printf_d.o)
    0x080002ee   0x080002ee   0x00000006   Code   RO          274    .ARM.Collect$$_printf_percent$$0000000A  c_w.l(_printf_u.o)
    0x080002f4   0x080002f4   0x00000006   Code   RO          271    .ARM.Collect$$_printf_percent$$0000000B  c_w.l(_printf_o.o)
    0x080002fa   0x080002fa   0x00000006   Code   RO          269    .ARM.Collect$$_printf_percent$$0000000C  c_w.l(_printf_x.o)
    0x08000300   0x08000300   0x00000006   Code   RO          280    .ARM.Collect$$_printf_percent$$0000000D  c_w.l(_printf_lli.o)
    0x08000306   0x08000306   0x00000006   Code   RO          281    .ARM.Collect$$_printf_percent$$0000000E  c_w.l(_printf_lld.o)
    0x0800030c   0x0800030c   0x00000006   Code   RO          282    .ARM.Collect$$_printf_percent$$0000000F  c_w.l(_printf_llu.o)
    0x08000312   0x08000312   0x00000006   Code   RO          287    .ARM.Collect$$_printf_percent$$00000010  c_w.l(_printf_llo.o)
    0x08000318   0x08000318   0x00000006   Code   RO          288    .ARM.Collect$$_printf_percent$$00000011  c_w.l(_printf_llx.o)
    0x0800031e   0x0800031e   0x0000000a   Code   RO          284    .ARM.Collect$$_printf_percent$$00000012  c_w.l(_printf_l.o)
    0x08000328   0x08000328   0x00000006   Code   RO          266    .ARM.Collect$$_printf_percent$$00000013  c_w.l(_printf_c.o)
    0x0800032e   0x0800032e   0x00000006   Code   RO          267    .ARM.Collect$$_printf_percent$$00000014  c_w.l(_printf_s.o)
    0x08000334   0x08000334   0x00000006   Code   RO          285    .ARM.Collect$$_printf_percent$$00000015  c_w.l(_printf_lc.o)
    0x0800033a   0x0800033a   0x00000006   Code   RO          286    .ARM.Collect$$_printf_percent$$00000016  c_w.l(_printf_ls.o)
    0x08000340   0x08000340   0x00000004   Code   RO          329    .ARM.Collect$$_printf_percent$$00000017  c_w.l(_printf_percent_end.o)
    0x08000344   0x08000344   0x00000002   Code   RO          380    .ARM.Collect$$libinit$$00000000  c_w.l(libinit.o)
    0x08000346   0x08000346   0x00000004   Code   RO          398    .ARM.Collect$$libinit$$00000001  c_w.l(libinit2.o)
    0x0800034a   0x0800034a   0x00000000   Code   RO          401    .ARM.Collect$$libinit$$00000004  c_w.l(libinit2.o)
    0x0800034a   0x0800034a   0x00000000   Code   RO          403    .ARM.Collect$$libinit$$00000006  c_w.l(libinit2.o)
    0x0800034a   0x0800034a   0x00000000   Code   RO          406    .ARM.Collect$$libinit$$0000000C  c_w.l(libinit2.o)
    0x0800034a   0x0800034a   0x00000000   Code   RO          408    .ARM.Collect$$libinit$$0000000E  c_w.l(libinit2.o)
    0x0800034a   0x0800034a   0x00000000   Code   RO          410    .ARM.Collect$$libinit$$00000010  c_w.l(libinit2.o)
    0x0800034a   0x0800034a   0x00000006   Code   RO          411    .ARM.Collect$$libinit$$00000011  c_w.l(libinit2.o)
    0x08000350   0x08000350   0x00000000   Code   RO          413    .ARM.Collect$$libinit$$00000013  c_w.l(libinit2.o)
    0x08000350   0x08000350   0x0000000c   Code   RO          414    .ARM.Collect$$libinit$$00000014  c_w.l(libinit2.o)
    0x0800035c   0x0800035c   0x00000000   Code   RO          415    .ARM.Collect$$libinit$$00000015  c_w.l(libinit2.o)
    0x0800035c   0x0800035c   0x00000000   Code   RO          417    .ARM.Collect$$libinit$$00000017  c_w.l(libinit2.o)
    0x0800035c   0x0800035c   0x0000000a   Code   RO          418    .ARM.Collect$$libinit$$00000018  c_w.l(libinit2.o)
    0x08000366   0x08000366   0x00000000   Code   RO          419    .ARM.Collect$$libinit$$00000019  c_w.l(libinit2.o)
    0x08000366   0x08000366   0x00000000   Code   RO          421    .ARM.Collect$$libinit$$0000001B  c_w.l(libinit2.o)
    0x08000366   0x08000366   0x00000000   Code   RO          423    .ARM.Collect$$libinit$$0000001D  c_w.l(libinit2.o)
    0x08000366   0x08000366   0x00000000   Code   RO          425    .ARM.Collect$$libinit$$0000001F  c_w.l(libinit2.o)
    0x08000366   0x08000366   0x00000000   Code   RO          427    .ARM.Collect$$libinit$$00000021  c_w.l(libinit2.o)
    0x08000366   0x08000366   0x00000000   Code   RO          429    .ARM.Collect$$libinit$$00000023  c_w.l(libinit2.o)
    0x08000366   0x08000366   0x00000000   Code   RO          431    .ARM.Collect$$libinit$$00000025  c_w.l(libinit2.o)
    0x08000366   0x08000366   0x00000000   Code   RO          433    .ARM.Collect$$libinit$$00000027  c_w.l(libinit2.o)
    0x08000366   0x08000366   0x00000000   Code   RO          437    .ARM.Collect$$libinit$$0000002E  c_w.l(libinit2.o)
    0x08000366   0x08000366   0x00000000   Code   RO          439    .ARM.Collect$$libinit$$00000030  c_w.l(libinit2.o)
    0x08000366   0x08000366   0x00000000   Code   RO          441    .ARM.Collect$$libinit$$00000032  c_w.l(libinit2.o)
    0x08000366   0x08000366   0x00000000   Code   RO          443    .ARM.Collect$$libinit$$00000034  c_w.l(libinit2.o)
    0x08000366   0x08000366   0x00000002   Code   RO          444    .ARM.Collect$$libinit$$00000035  c_w.l(libinit2.o)
    0x08000368   0x08000368   0x00000002   Code   RO          468    .ARM.Collect$$libshutdown$$00000000  c_w.l(libshutdown.o)
    0x0800036a   0x0800036a   0x00000000   Code   RO          483    .ARM.Collect$$libshutdown$$00000002  c_w.l(libshutdown2.o)
    0x0800036a   0x0800036a   0x00000000   Code   RO          485    .ARM.Collect$$libshutdown$$00000004  c_w.l(libshutdown2.o)
    0x0800036a   0x0800036a   0x00000000   Code   RO          488    .ARM.Collect$$libshutdown$$00000007  c_w.l(libshutdown2.o)
    0x0800036a   0x0800036a   0x00000000   Code   RO          491    .ARM.Collect$$libshutdown$$0000000A  c_w.l(libshutdown2.o)
    0x0800036a   0x0800036a   0x00000000   Code   RO          493    .ARM.Collect$$libshutdown$$0000000C  c_w.l(libshutdown2.o)
    0x0800036a   0x0800036a   0x00000000   Code   RO          496    .ARM.Collect$$libshutdown$$0000000F  c_w.l(libshutdown2.o)
    0x0800036a   0x0800036a   0x00000002   Code   RO          497    .ARM.Collect$$libshutdown$$00000010  c_w.l(libshutdown2.o)
    0x0800036c   0x0800036c   0x00000000   Code   RO          195    .ARM.Collect$$rtentry$$00000000  c_w.l(__rtentry.o)
    0x0800036c   0x0800036c   0x00000000   Code   RO          298    .ARM.Collect$$rtentry$$00000002  c_w.l(__rtentry2.o)
    0x0800036c   0x0800036c   0x00000006   Code   RO          310    .ARM.Collect$$rtentry$$00000004  c_w.l(__rtentry4.o)
    0x08000372   0x08000372   0x00000000   Code   RO          300    .ARM.Collect$$rtentry$$00000009  c_w.l(__rtentry2.o)
    0x08000372   0x08000372   0x00000004   Code   RO          301    .ARM.Collect$$rtentry$$0000000A  c_w.l(__rtentry2.o)
    0x08000376   0x08000376   0x00000000   Code   RO          303    .ARM.Collect$$rtentry$$0000000C  c_w.l(__rtentry2.o)
    0x08000376   0x08000376   0x00000008   Code   RO          304    .ARM.Collect$$rtentry$$0000000D  c_w.l(__rtentry2.o)
    0x0800037e   0x0800037e   0x00000002   Code   RO          389    .ARM.Collect$$rtexit$$00000000  c_w.l(rtexit.o)
    0x08000380   0x08000380   0x00000000   Code   RO          446    .ARM.Collect$$rtexit$$00000002  c_w.l(rtexit2.o)
    0x08000380   0x08000380   0x00000004   Code   RO          447    .ARM.Collect$$rtexit$$00000003  c_w.l(rtexit2.o)
    0x08000384   0x08000384   0x00000006   Code   RO          448    .ARM.Collect$$rtexit$$00000004  c_w.l(rtexit2.o)
    0x0800038a   0x0800038a   0x00000002   PAD
    0x0800038c   0x0800038c   0x00000040   Code   RO          165  * .text               startup_stm32f767xx.o
    0x080003cc   0x080003cc   0x00000024   Code   RO          187    .text               c_w.l(vsprintf.o)
    0x080003f0   0x080003f0   0x0000003c   Code   RO          189    .text               c_w.l(vsnprintf.o)
    0x0800042c   0x0800042c   0x00000006   Code   RO          191    .text               c_w.l(heapauxi.o)
    0x08000432   0x08000432   0x0000004e   Code   RO          198    .text               c_w.l(_printf_pad.o)
    0x08000480   0x08000480   0x00000024   Code   RO          200    .text               c_w.l(_printf_truncate.o)
    0x080004a4   0x080004a4   0x00000052   Code   RO          202    .text               c_w.l(_printf_str.o)
    0x080004f6   0x080004f6   0x00000002   PAD
    0x080004f8   0x080004f8   0x00000078   Code   RO          204    .text               c_w.l(_printf_dec.o)
    0x08000570   0x08000570   0x00000028   Code   RO          206    .text               c_w.l(_printf_charcount.o)
    0x08000598   0x08000598   0x00000030   Code   RO          208    .text               c_w.l(_printf_char_common.o)
    0x080005c8   0x080005c8   0x0000000a   Code   RO          210    .text               c_w.l(_sputc.o)
    0x080005d2   0x080005d2   0x00000010   Code   RO          212    .text               c_w.l(_snputc.o)
    0x080005e2   0x080005e2   0x00000002   PAD
    0x080005e4   0x080005e4   0x000000bc   Code   RO          214    .text               c_w.l(_printf_wctomb.o)
    0x080006a0   0x080006a0   0x0000007c   Code   RO          217    .text               c_w.l(_printf_longlong_dec.o)
    0x0800071c   0x0800071c   0x00000070   Code   RO          223    .text               c_w.l(_printf_oct_int_ll.o)
    0x0800078c   0x0800078c   0x00000094   Code   RO          243    .text               c_w.l(_printf_hex_int_ll_ptr.o)
    0x08000820   0x08000820   0x00000188   Code   RO          263    .text               c_w.l(__printf_flags_ss_wp.o)
    0x080009a8   0x080009a8   0x0000008a   Code   RO          312    .text               c_w.l(lludiv10.o)
    0x08000a32   0x08000a32   0x000000b2   Code   RO          314    .text               c_w.l(_printf_intcommon.o)
    0x08000ae4   0x08000ae4   0x0000041c   Code   RO          316    .text               c_w.l(_printf_fp_dec.o)
    0x08000f00   0x08000f00   0x000002fc   Code   RO          320    .text               c_w.l(_printf_fp_hex.o)
    0x080011fc   0x080011fc   0x0000002c   Code   RO          325    .text               c_w.l(_printf_char.o)
    0x08001228   0x08001228   0x0000002c   Code   RO          327    .text               c_w.l(_printf_wchar.o)
    0x08001254   0x08001254   0x00000048   Code   RO          330    .text               c_w.l(_c16rtomb.o)
    0x0800129c   0x0800129c   0x0000004a   Code   RO          332    .text               c_w.l(sys_stackheap_outer.o)
    0x080012e6   0x080012e6   0x00000002   PAD
    0x080012e8   0x080012e8   0x00000010   Code   RO          334    .text               c_w.l(rt_ctype_table.o)
    0x080012f8   0x080012f8   0x00000008   Code   RO          339    .text               c_w.l(rt_locale_intlibspace.o)
    0x08001300   0x08001300   0x00000080   Code   RO          341    .text               c_w.l(_printf_fp_infnan.o)
    0x08001380   0x08001380   0x000000e4   Code   RO          343    .text               c_w.l(bigflt0.o)
    0x08001464   0x08001464   0x00000012   Code   RO          373    .text               c_w.l(exit.o)
    0x08001476   0x08001476   0x00000002   PAD
    0x08001478   0x08001478   0x00000008   Code   RO          386    .text               c_w.l(libspace.o)
    0x08001480   0x08001480   0x0000007c   Code   RO          396    .text               c_w.l(strcmpv7m_pel.o)
    0x080014fc   0x080014fc   0x0000000c   Code   RO          458    .text               c_w.l(sys_exit.o)
    0x08001508   0x08001508   0x00000002   Code   RO          473    .text               c_w.l(use_no_semi.o)
    0x0800150a   0x0800150a   0x00000000   Code   RO          475    .text               c_w.l(indicate_semi.o)
    0x0800150a   0x0800150a   0x00000006   PAD
    0x08001510   0x08001510   0x00000018   Code   RO          145    .text.DS3231_BCD_DEC  ds3231.o
    0x08001528   0x08001528   0x00000090   Code   RO          143    .text.DS3231_Init   ds3231.o
    0x080015b8   0x080015b8   0x00000188   Code   RO          149    .text.DS3231_Read   ds3231.o
    0x08001740   0x08001740   0x00000044   Code   RO            4    .text.GPIO_DigitalWrite  gpio.o
    0x08001784   0x08001784   0x00000004   PAD
    0x08001788   0x08001788   0x000001d8   Code   RO            2    .text.GPIO_PinMode  gpio.o
    0x08001960   0x08001960   0x000000ac   Code   RO          109    .text.ST7920_Clear  st7920.o
    0x08001a0c   0x08001a0c   0x00000004   PAD
    0x08001a10   0x08001a10   0x00000030   Code   RO          107    .text.ST7920_Clear_GLCD_Buffer  st7920.o
    0x08001a40   0x08001a40   0x00000108   Code   RO          103    .text.ST7920_DrawBitmap  st7920.o
    0x08001b48   0x08001b48   0x000001be   Code   RO           97    .text.ST7920_Font_Print  st7920.o
    0x08001d06   0x08001d06   0x00000002   PAD
    0x08001d08   0x08001d08   0x00000068   Code   RO          101    .text.ST7920_GraphicMode  st7920.o
    0x08001d70   0x08001d70   0x00000092   Code   RO          125    .text.ST7920_Init   st7920.o
    0x08001e02   0x08001e02   0x00000006   PAD
    0x08001e08   0x08001e08   0x00000044   Code   RO           93    .text.ST7920_SendCmd  st7920.o
    0x08001e4c   0x08001e4c   0x00000004   PAD
    0x08001e50   0x08001e50   0x00000044   Code   RO           95    .text.ST7920_SendData  st7920.o
    0x08001e94   0x08001e94   0x00000004   PAD
    0x08001e98   0x08001e98   0x00000010   Code   RO          105    .text.ST7920_Send_GLCD_Buffer  st7920.o
    0x08001ea8   0x08001ea8   0x00000104   Code   RO          127    .text.ST7920_spi_init  st7920.o
    0x08001fac   0x08001fac   0x00000004   PAD
    0x08001fb0   0x08001fb0   0x000000ce   Code   RO           99    .text.SetPixel      st7920.o
    0x0800207e   0x0800207e   0x00000002   PAD
    0x08002080   0x08002080   0x00000012   Code   RO          172    .text.SystemInit    system_stm32f7xx.o
    0x08002092   0x08002092   0x00000006   PAD
    0x08002098   0x08002098   0x00000068   Code   RO           54    .text.TIM_Wait      tim.o
    0x08002100   0x08002100   0x00000066   Code   RO           52    .text.TIM_WaitMicros  tim.o
    0x08002166   0x08002166   0x00000002   PAD
    0x08002168   0x08002168   0x0000004e   Code   RO           71    .text.URM37_GetDistance  urm37.o
    0x080021b6   0x080021b6   0x00000002   PAD
    0x080021b8   0x080021b8   0x000000c0   Code   RO           65    .text.URM37_GetTemperature  urm37.o
    0x08002278   0x08002278   0x00000046   Code   RO           69    .text.URM37_Get_Response  urm37.o
    0x080022be   0x080022be   0x00000002   PAD
    0x080022c0   0x080022c0   0x00000080   Code   RO           63    .text.URM37_Init    urm37.o
    0x08002340   0x08002340   0x00000074   Code   RO           67    .text.URM37_Send_Command  urm37.o
    0x080023b4   0x080023b4   0x00000004   PAD
    0x080023b8   0x080023b8   0x0000006e   Code   RO           80    .text.USART_Serial_Begin  usart.o
    0x08002426   0x08002426   0x00000002   PAD
    0x08002428   0x08002428   0x00000068   Code   RO           82    .text.USART_Serial_Print  usart.o
    0x08002490   0x08002490   0x00000254   Code   RO           17    .text.main          main.o
    0x080026e4   0x080026e4   0x00000004   PAD
    0x080026e8   0x080026e8   0x00000088   Code   RO          129    .text.st7920_spi_transmit  st7920.o
    0x08002770   0x08002770   0x0000003e   Code   RO          346    CL$$btod_d2e        c_w.l(btod.o)
    0x080027ae   0x080027ae   0x00000046   Code   RO          348    CL$$btod_d2e_denorm_low  c_w.l(btod.o)
    0x080027f4   0x080027f4   0x00000060   Code   RO          347    CL$$btod_d2e_norm_op1  c_w.l(btod.o)
    0x08002854   0x08002854   0x00000338   Code   RO          356    CL$$btod_div_common  c_w.l(btod.o)
    0x08002b8c   0x08002b8c   0x000000dc   Code   RO          353    CL$$btod_e2e        c_w.l(btod.o)
    0x08002c68   0x08002c68   0x0000002a   Code   RO          350    CL$$btod_ediv       c_w.l(btod.o)
    0x08002c92   0x08002c92   0x0000002a   Code   RO          349    CL$$btod_emul       c_w.l(btod.o)
    0x08002cbc   0x08002cbc   0x00000244   Code   RO          355    CL$$btod_mult_common  c_w.l(btod.o)
    0x08002f00   0x08002f00   0x00000030   Code   RO          384    i.__ARM_fpclassify  m_wv.l(fpclassify.o)
    0x08002f30   0x08002f30   0x0000000e   Code   RO          256    i._is_digit         c_w.l(__printf_wp.o)
    0x08002f3e   0x08002f3e   0x00000002   PAD
    0x08002f40   0x08002f40   0x0000002c   Code   RO          371    locale$$code        c_w.l(lc_numeric_c.o)
    0x08002f6c   0x08002f6c   0x0000002c   Code   RO          394    locale$$code        c_w.l(lc_ctype_c.o)
    0x08002f98   0x08002f98   0x0000001a   Code   RO          456    x$fpl$fpinit        fz_wv.l(fpinit.o)
    0x08002fb2   0x08002fb2   0x00000004   Code   RO          289    x$fpl$printf1       fz_wv.l(printf1.o)
    0x08002fb6   0x08002fb6   0x00000004   Code   RO          291    x$fpl$printf2       fz_wv.l(printf2.o)
    0x08002fba   0x08002fba   0x00000000   Code   RO          383    x$fpl$usenofp       fz_wv.l(usenofp.o)
    0x08002fba   0x08002fba   0x00000002   PAD
    0x08002fbc   0x08002fbc   0x00000008   Data   RO          215    .constdata          c_w.l(_printf_wctomb.o)
    0x08002fc4   0x08002fc4   0x00000028   Data   RO          244    .constdata          c_w.l(_printf_hex_int_ll_ptr.o)
    0x08002fec   0x08002fec   0x00000011   Data   RO          264    .constdata          c_w.l(__printf_flags_ss_wp.o)
    0x08002ffd   0x08002ffd   0x00000026   Data   RO          321    .constdata          c_w.l(_printf_fp_hex.o)
    0x08003023   0x08003023   0x00000001   PAD
    0x08003024   0x08003024   0x00000094   Data   RO          344    .constdata          c_w.l(bigflt0.o)
    0x080030b8   0x080030b8   0x0000005e   Data   RO           29    .rodata.str1.1      main.o
    0x08003116   0x08003116   0x00000002   PAD
    0x08003118   0x08003118   0x00000020   Data   RO          531    Region$$Table       anon$$obj.o
    0x08003138   0x08003138   0x0000001c   Data   RO          370    locale$$data        c_w.l(lc_numeric_c.o)
    0x08003154   0x08003154   0x00000110   Data   RO          393    locale$$data        c_w.l(lc_ctype_c.o)


    Execution Region ER_RW (Exec base: 0x20020000, Load base: 0x08003264, Size: 0x000033d4, Max: 0xffffffff, ABSOLUTE, COMPRESSED[0x00000e30])

    Exec Addr    Load Addr    Size         Type   Attr      Idx    E Section Name        Object

    0x20020000   COMPRESSED   0x00000964   Data   RW           31    .data.Arial12x12    main.o
    0x20020964   COMPRESSED   0x00002a64   Data   RW           30    .data.Arial28x28    main.o
    0x200233c8   COMPRESSED   0x00000001   Data   RW           26    .data.DS3231_DayMonth  main.o
    0x200233c9   COMPRESSED   0x00000001   Data   RW           25    .data.DS3231_DayWeek  main.o
    0x200233ca   COMPRESSED   0x00000001   Data   RW           27    .data.DS3231_Month  main.o
    0x200233cb   COMPRESSED   0x00000001   PAD
    0x200233cc   COMPRESSED   0x00000004   Data   RW          176    .data.SystemCoreClock  system_stm32f7xx.o
    0x200233d0   COMPRESSED   0x00000001   Data   RW          131    .data.numCols       st7920.o
    0x200233d1   COMPRESSED   0x00000001   Data   RW          132    .data.numRows       st7920.o


    Execution Region ER_ZI (Exec base: 0x200233d8, Load base: 0x08004094, Size: 0x00000a70, Max: 0xffffffff, ABSOLUTE)

    Exec Addr    Load Addr    Size         Type   Attr      Idx    E Section Name        Object

    0x200233d8        -       0x00000060   Zero   RW          387    .bss                c_w.l(libspace.o)
    0x20023438        -       0x00000001   Zero   RW          154    .bss.DS3231_HS      ds3231.o
    0x20023439        -       0x00000001   Zero   RW           24    .bss.DS3231_Hour    main.o
    0x2002343a        -       0x00000001   Zero   RW           23    .bss.DS3231_Minute  main.o
    0x2002343b        -       0x00000001   Zero   RW           22    .bss.DS3231_Second  main.o
    0x2002343c        -       0x00000001   Zero   RW           28    .bss.DS3231_Year    main.o
    0x2002343d        -       0x00000400   Zero   RW          134    .bss.GLCD_Buffer    st7920.o
    0x2002383d        -       0x00000001   Zero   RW          133    .bss.Graphic_Check  st7920.o
    0x2002383e        -       0x00000002   Zero   RW           20    .bss.distance       main.o
    0x20023840        -       0x00000003   Zero   RW          135    .bss.lcd_data       st7920.o
    0x20023843        -       0x00000001   Zero   RW           21    .bss.state          main.o
    0x20023844        -       0x00000004   Zero   RW           19    .bss.temperature    main.o
    0x20023848        -       0x00000200   Zero   RW          163    HEAP                startup_stm32f767xx.o
    0x20023a48        -       0x00000400   Zero   RW          162    STACK               startup_stm32f767xx.o


==============================================================================

Image component sizes


      Code (inc. data)   RO Data    RW Data    ZI Data      Debug   Object Name

       560          0          0          0          1       3266   ds3231.o
       540          0          0          0          0       3088   gpio.o
       596          0         94      13259         11       1921   main.o
      1934          0          0          2       1028       9421   st7920.o
        64         26        504          0       1536        908   startup_stm32f767xx.o
        18          0          0          4          0       3388   system_stm32f7xx.o
       206          0          0          0          0       1049   tim.o
       584         24          0          0          0       3100   urm37.o
       214          0          0          0          0       2443   usart.o

    ----------------------------------------------------------------------
      4768         50        632      13268       2576      28584   Object Totals
         0          0         32          0          0          0   (incl. Generated)
        52          0          2          3          0          0   (incl. Padding)

    ----------------------------------------------------------------------

      Code (inc. data)   RO Data    RW Data    ZI Data      Debug   Library Member Name

       100          0          0          0          0          0   __dclz77c.o
         8          0          0          0          0         68   __main.o
       392          4         17          0          0         92   __printf_flags_ss_wp.o
        14          0          0          0          0         68   __printf_wp.o
         0          0          0          0          0          0   __rtentry.o
        12          0          0          0          0          0   __rtentry2.o
         6          0          0          0          0          0   __rtentry4.o
        52          8          0          0          0          0   __scatter.o
        28          0          0          0          0          0   __scatter_zi.o
        72          0          0          0          0         96   _c16rtomb.o
         6          0          0          0          0          0   _printf_a.o
         6          0          0          0          0          0   _printf_c.o
        44          0          0          0          0        108   _printf_char.o
        48          6          0          0          0         96   _printf_char_common.o
        40          0          0          0          0         68   _printf_charcount.o
         6          0          0          0          0          0   _printf_d.o
       120         16          0          0          0         92   _printf_dec.o
         6          0          0          0          0          0   _printf_e.o
         6          0          0          0          0          0   _printf_f.o
      1052          0          0          0          0        148   _printf_fp_dec.o
       764          8         38          0          0        100   _printf_fp_hex.o
       128         16          0          0          0         84   _printf_fp_infnan.o
         6          0          0          0          0          0   _printf_g.o
       148          4         40          0          0        160   _printf_hex_int_ll_ptr.o
         6          0          0          0          0          0   _printf_i.o
       178          0          0          0          0         88   _printf_intcommon.o
        10          0          0          0          0          0   _printf_l.o
         6          0          0          0          0          0   _printf_lc.o
        10          0          0          0          0          0   _printf_ll.o
         6          0          0          0          0          0   _printf_lld.o
         6          0          0          0          0          0   _printf_lli.o
         6          0          0          0          0          0   _printf_llo.o
         6          0          0          0          0          0   _printf_llu.o
         6          0          0          0          0          0   _printf_llx.o
       124         16          0          0          0         92   _printf_longlong_dec.o
         6          0          0          0          0          0   _printf_ls.o
         6          0          0          0          0          0   _printf_n.o
         6          0          0          0          0          0   _printf_o.o
       112          8          0          0          0        124   _printf_oct_int_ll.o
         6          0          0          0          0          0   _printf_p.o
        78          0          0          0          0        108   _printf_pad.o
         0          0          0          0          0          0   _printf_percent.o
         4          0          0          0          0          0   _printf_percent_end.o
         6          0          0          0          0          0   _printf_s.o
        82          0          0          0          0         80   _printf_str.o
        36          0          0          0          0         84   _printf_truncate.o
         6          0          0          0          0          0   _printf_u.o
        44          0          0          0          0        108   _printf_wchar.o
       188          6          8          0          0         92   _printf_wctomb.o
         6          0          0          0          0          0   _printf_x.o
        16          0          0          0          0         68   _snputc.o
        10          0          0          0          0         68   _sputc.o
       228          4        148          0          0         96   bigflt0.o
      1936        128          0          0          0        668   btod.o
        18          0          0          0          0         80   exit.o
         6          0          0          0          0        152   heapauxi.o
         0          0          0          0          0          0   indicate_semi.o
        44         10        272          0          0         76   lc_ctype_c.o
        44         10         28          0          0         76   lc_numeric_c.o
         2          0          0          0          0          0   libinit.o
        34          0          0          0          0          0   libinit2.o
         2          0          0          0          0          0   libshutdown.o
         2          0          0          0          0          0   libshutdown2.o
         8          4          0          0         96         68   libspace.o
       138          0          0          0          0         80   lludiv10.o
        16          4          0          0          0         76   rt_ctype_table.o
         8          4          0          0          0         68   rt_locale_intlibspace.o
         2          0          0          0          0          0   rtexit.o
        10          0          0          0          0          0   rtexit2.o
       124          0          0          0          0         88   strcmpv7m_pel.o
        12          4          0          0          0         68   sys_exit.o
        74          0          0          0          0         80   sys_stackheap_outer.o
         2          0          0          0          0         68   use_no_semi.o
        60          4          0          0          0         80   vsnprintf.o
        36          4          0          0          0         76   vsprintf.o
        26          0          0          0          0        116   fpinit.o
         4          0          0          0          0        116   printf1.o
         4          0          0          0          0        116   printf2.o
         0          0          0          0          0          0   usenofp.o
        48          0          0          0          0        124   fpclassify.o

    ----------------------------------------------------------------------
      6948        268        552          0         96       4464   Library Totals
        20          0          1          0          0          0   (incl. Padding)

    ----------------------------------------------------------------------

      Code (inc. data)   RO Data    RW Data    ZI Data      Debug   Library Name

      6846        268        551          0         96       3992   c_w.l
        34          0          0          0          0        348   fz_wv.l
        48          0          0          0          0        124   m_wv.l

    ----------------------------------------------------------------------
      6948        268        552          0         96       4464   Library Totals

    ----------------------------------------------------------------------

==============================================================================


      Code (inc. data)   RO Data    RW Data    ZI Data      Debug   

     11716        318       1184      13268       2672      30576   Grand Totals
     11716        318       1184       3632       2672      30576   ELF Image Totals (compressed)
     11716        318       1184       3632          0          0   ROM Totals

==============================================================================

    Total RO  Size (Code + RO Data)                12900 (  12.60kB)
    Total RW  Size (RW Data + ZI Data)             15940 (  15.57kB)
    Total ROM Size (Code + RO Data + RW Data)      16532 (  16.14kB)

==============================================================================

