<html>
<body>
<pre>
<h1>µVision Build Log</h1>
<h2>Tool Versions:</h2>
IDE-Version: µVision V5.38.0.0
Copyright (C) 2022 ARM Ltd and ARM Germany GmbH. All rights reserved.
License Information: Paul TESSON, TESSON, LIC=----
 
Tool Versions:
Toolchain:       MDK-Lite  Version: 5.38.0.0
Toolchain Path:  D:\SOFT\uVision\Keil_V5\ARM\ARMCLANG\Bin
C Compiler:      ArmClang.exe V6.19
Assembler:       Armasm.exe V6.19
Linker/Locator:  ArmLink.exe V6.19
Library Manager: ArmAr.exe V6.19
Hex Converter:   FromElf.exe V6.19
CPU DLL:         SARMCM3.DLL V5.38.0.0
Dialog DLL:      DCM.DLL V1.17.5.0
Target DLL:      STLink\ST-LINKIII-KEIL_SWO.dll V3.1.0.0
Dialog DLL:      TCM.DLL V1.56.4.0
 
<h2>Project:</h2>
D:\#Documents\UVISION\SMART_WAKE_UP\SMART_WAKE_UP.uvprojx
Project File Date:  11/15/2023

<h2>Output:</h2>
*** Using Compiler 'V6.19', folder: 'D:\SOFT\uVision\Keil_V5\ARM\ARMCLANG\Bin'
Build target 'Target'
st7920.c(86): warning: invalid UTF-8 in comment [-Winvalid-utf8]
            // Mettre le signal SID (ou MOSI) <E0> 1
                                              ^
st7920.c(91): warning: invalid UTF-8 in comment [-Winvalid-utf8]
            // Mettre le signal SID (ou MOSI) <E0> 0
                                              ^
st7920.c(99): warning: invalid UTF-8 in comment [-Winvalid-utf8]
        // <C9>lever le signal SCLK (ou SCK)
           ^
st7920.c(150): warning: implicit conversion loses integer precision: 'int' to 'uint8_t' (aka 'unsigned char') [-Wimplicit-int-conversion]
    ST7920_SendCmd(col);
    ~~~~~~~~~~~~~~ ^~~
st7920.c(181): warning: implicit conversion loses integer precision: 'unsigned int' to 'int16_t' (aka 'short') [-Wimplicit-int-conversion]
                        if (( z & bit ) == 0x00) ResetPixel(x+i, y+j);
                                                 ~~~~~~~~~~      ~^~
st7920.c(181): warning: implicit conversion changes signedness: 'int16_t' (aka 'short') to 'unsigned int' [-Wsign-conversion]
                        if (( z & bit ) == 0x00) ResetPixel(x+i, y+j);
                                                                 ^~
st7920.c(181): warning: implicit conversion loses integer precision: 'unsigned int' to 'int16_t' (aka 'short') [-Wimplicit-int-conversion]
                        if (( z & bit ) == 0x00) ResetPixel(x+i, y+j);
                                                 ~~~~~~~~~~ ~^~
st7920.c(181): warning: implicit conversion changes signedness: 'int16_t' (aka 'short') to 'unsigned int' [-Wsign-conversion]
                        if (( z & bit ) == 0x00) ResetPixel(x+i, y+j);
                                                            ^~
st7920.c(182): warning: implicit conversion loses integer precision: 'unsigned int' to 'int16_t' (aka 'short') [-Wimplicit-int-conversion]
                        else SetPixel(x+i, y+j);
                             ~~~~~~~~      ~^~
st7920.c(182): warning: implicit conversion changes signedness: 'int16_t' (aka 'short') to 'unsigned int' [-Wsign-conversion]
                        else SetPixel(x+i, y+j);
                                           ^~
st7920.c(182): warning: implicit conversion loses integer precision: 'unsigned int' to 'int16_t' (aka 'short') [-Wimplicit-int-conversion]
                        else SetPixel(x+i, y+j);
                             ~~~~~~~~ ~^~
st7920.c(182): warning: implicit conversion changes signedness: 'int16_t' (aka 'short') to 'unsigned int' [-Wsign-conversion]
                        else SetPixel(x+i, y+j);
                                      ^~
st7920.c(187): warning: implicit conversion changes signedness: 'unsigned int' to 'int' [-Wsign-conversion]
                Place_Size_Font = 4+((*str)-32)*offset;
                                ~ ~^~~~~~~~~~~~~~~~~~~
st7920.c(189): warning: implicit conversion changes signedness: 'int' to 'unsigned int' [-Wsign-conversion]
                x += Size_Font+(hor/10); // Increment x by the character width
                     ^~~~~~~~~~
st7920.c(326): warning: mixing declarations and code is incompatible with standards before C99 [-Wdeclaration-after-statement]
    int e2 = err + err;
        ^
st7920.c(365): warning: implicit conversion loses integer precision: 'uint16_t' (aka 'unsigned short') to 'uint8_t' (aka 'unsigned char') [-Wimplicit-int-conversion]
        DrawLine(x, y, x + w, y);         /* Top line */
        ~~~~~~~~              ^
st7920.c(365): warning: implicit conversion loses integer precision: 'int' to 'uint8_t' (aka 'unsigned char') [-Wimplicit-int-conversion]
        DrawLine(x, y, x + w, y);         /* Top line */
        ~~~~~~~~       ~~^~~
st7920.c(365): warning: implicit conversion loses integer precision: 'uint16_t' (aka 'unsigned short') to 'uint8_t' (aka 'unsigned char') [-Wimplicit-int-conversion]
        DrawLine(x, y, x + w, y);         /* Top line */
        ~~~~~~~~    ^
st7920.c(365): warning: implicit conversion loses integer precision: 'uint16_t' (aka 'unsigned short') to 'uint8_t' (aka 'unsigned char') [-Wimplicit-int-conversion]
        DrawLine(x, y, x + w, y);         /* Top line */
        ~~~~~~~~ ^
st7920.c(366): warning: implicit conversion loses integer precision: 'int' to 'uint8_t' (aka 'unsigned char') [-Wimplicit-int-conversion]
        DrawLine(x, y + h, x + w, y + h); /* Bottom line */
        ~~~~~~~~                  ~~^~~
st7920.c(366): warning: implicit conversion loses integer precision: 'int' to 'uint8_t' (aka 'unsigned char') [-Wimplicit-int-conversion]
        DrawLine(x, y + h, x + w, y + h); /* Bottom line */
        ~~~~~~~~           ~~^~~
st7920.c(366): warning: implicit conversion loses integer precision: 'int' to 'uint8_t' (aka 'unsigned char') [-Wimplicit-int-conversion]
        DrawLine(x, y + h, x + w, y + h); /* Bottom line */
        ~~~~~~~~    ~~^~~
st7920.c(366): warning: implicit conversion loses integer precision: 'uint16_t' (aka 'unsigned short') to 'uint8_t' (aka 'unsigned char') [-Wimplicit-int-conversion]
        DrawLine(x, y + h, x + w, y + h); /* Bottom line */
        ~~~~~~~~ ^
st7920.c(367): warning: implicit conversion loses integer precision: 'int' to 'uint8_t' (aka 'unsigned char') [-Wimplicit-int-conversion]
        DrawLine(x, y, x, y + h);         /* Left line */
        ~~~~~~~~          ~~^~~
st7920.c(367): warning: implicit conversion loses integer precision: 'uint16_t' (aka 'unsigned short') to 'uint8_t' (aka 'unsigned char') [-Wimplicit-int-conversion]
        DrawLine(x, y, x, y + h);         /* Left line */
        ~~~~~~~~       ^
st7920.c(367): warning: implicit conversion loses integer precision: 'uint16_t' (aka 'unsigned short') to 'uint8_t' (aka 'unsigned char') [-Wimplicit-int-conversion]
        DrawLine(x, y, x, y + h);         /* Left line */
        ~~~~~~~~    ^
st7920.c(367): warning: implicit conversion loses integer precision: 'uint16_t' (aka 'unsigned short') to 'uint8_t' (aka 'unsigned char') [-Wimplicit-int-conversion]
        DrawLine(x, y, x, y + h);         /* Left line */
        ~~~~~~~~ ^
st7920.c(368): warning: implicit conversion loses integer precision: 'int' to 'uint8_t' (aka 'unsigned char') [-Wimplicit-int-conversion]
        DrawLine(x + w, y, x + w, y + h); /* Right line */
        ~~~~~~~~                  ~~^~~
st7920.c(368): warning: implicit conversion loses integer precision: 'int' to 'uint8_t' (aka 'unsigned char') [-Wimplicit-int-conversion]
        DrawLine(x + w, y, x + w, y + h); /* Right line */
        ~~~~~~~~           ~~^~~
st7920.c(368): warning: implicit conversion loses integer precision: 'uint16_t' (aka 'unsigned short') to 'uint8_t' (aka 'unsigned char') [-Wimplicit-int-conversion]
        DrawLine(x + w, y, x + w, y + h); /* Right line */
        ~~~~~~~~        ^
st7920.c(368): warning: implicit conversion loses integer precision: 'int' to 'uint8_t' (aka 'unsigned char') [-Wimplicit-int-conversion]
        DrawLine(x + w, y, x + w, y + h); /* Right line */
        ~~~~~~~~ ~~^~~
st7920.c(403): warning: implicit conversion loses integer precision: 'int' to 'uint8_t' (aka 'unsigned char') [-Wimplicit-int-conversion]
                DrawLine(x, y + i, x + w, y + i);
                ~~~~~~~~                  ~~^~~
st7920.c(403): warning: implicit conversion loses integer precision: 'int' to 'uint8_t' (aka 'unsigned char') [-Wimplicit-int-conversion]
                DrawLine(x, y + i, x + w, y + i);
                ~~~~~~~~           ~~^~~
st7920.c(403): warning: implicit conversion loses integer precision: 'int' to 'uint8_t' (aka 'unsigned char') [-Wimplicit-int-conversion]
                DrawLine(x, y + i, x + w, y + i);
                ~~~~~~~~    ~~^~~
st7920.c(403): warning: implicit conversion loses integer precision: 'uint16_t' (aka 'unsigned short') to 'uint8_t' (aka 'unsigned char') [-Wimplicit-int-conversion]
                DrawLine(x, y + i, x + w, y + i);
                ~~~~~~~~ ^
st7920.c(439): warning: implicit conversion loses integer precision: 'int' to 'int16_t' (aka 'short') [-Wimplicit-int-conversion]
    SetPixel(x0 + x, y0 + y);
    ~~~~~~~~         ~~~^~~
st7920.c(439): warning: implicit conversion loses integer precision: 'int' to 'int16_t' (aka 'short') [-Wimplicit-int-conversion]
    SetPixel(x0 + x, y0 + y);
    ~~~~~~~~ ~~~^~~
st7920.c(440): warning: implicit conversion loses integer precision: 'int' to 'int16_t' (aka 'short') [-Wimplicit-int-conversion]
    SetPixel(x0 - x, y0 + y);
    ~~~~~~~~         ~~~^~~
st7920.c(440): warning: implicit conversion loses integer precision: 'int' to 'int16_t' (aka 'short') [-Wimplicit-int-conversion]
    SetPixel(x0 - x, y0 + y);
    ~~~~~~~~ ~~~^~~
st7920.c(441): warning: implicit conversion loses integer precision: 'int' to 'int16_t' (aka 'short') [-Wimplicit-int-conversion]
    SetPixel(x0 + x, y0 - y);
    ~~~~~~~~         ~~~^~~
st7920.c(441): warning: implicit conversion loses integer precision: 'int' to 'int16_t' (aka 'short') [-Wimplicit-int-conversion]
    SetPixel(x0 + x, y0 - y);
    ~~~~~~~~ ~~~^~~
st7920.c(442): warning: implicit conversion loses integer precision: 'int' to 'int16_t' (aka 'short') [-Wimplicit-int-conversion]
    SetPixel(x0 - x, y0 - y);
    ~~~~~~~~         ~~~^~~
st7920.c(442): warning: implicit conversion loses integer precision: 'int' to 'int16_t' (aka 'short') [-Wimplicit-int-conversion]
    SetPixel(x0 - x, y0 - y);
    ~~~~~~~~ ~~~^~~
st7920.c(443): warning: implicit conversion loses integer precision: 'int' to 'int16_t' (aka 'short') [-Wimplicit-int-conversion]
    SetPixel(x0 + y, y0 + x);
    ~~~~~~~~         ~~~^~~
st7920.c(443): warning: implicit conversion loses integer precision: 'int' to 'int16_t' (aka 'short') [-Wimplicit-int-conversion]
    SetPixel(x0 + y, y0 + x);
    ~~~~~~~~ ~~~^~~
st7920.c(444): warning: implicit conversion loses integer precision: 'int' to 'int16_t' (aka 'short') [-Wimplicit-int-conversion]
    SetPixel(x0 - y, y0 + x);
    ~~~~~~~~         ~~~^~~
st7920.c(444): warning: implicit conversion loses integer precision: 'int' to 'int16_t' (aka 'short') [-Wimplicit-int-conversion]
    SetPixel(x0 - y, y0 + x);
    ~~~~~~~~ ~~~^~~
st7920.c(445): warning: implicit conversion loses integer precision: 'int' to 'int16_t' (aka 'short') [-Wimplicit-int-conversion]
    SetPixel(x0 + y, y0 - x);
    ~~~~~~~~         ~~~^~~
st7920.c(445): warning: implicit conversion loses integer precision: 'int' to 'int16_t' (aka 'short') [-Wimplicit-int-conversion]
    SetPixel(x0 + y, y0 - x);
    ~~~~~~~~ ~~~^~~
st7920.c(446): warning: implicit conversion loses integer precision: 'int' to 'int16_t' (aka 'short') [-Wimplicit-int-conversion]
    SetPixel(x0 - y, y0 - x);
    ~~~~~~~~         ~~~^~~
st7920.c(446): warning: implicit conversion loses integer precision: 'int' to 'int16_t' (aka 'short') [-Wimplicit-int-conversion]
    SetPixel(x0 - y, y0 - x);
    ~~~~~~~~ ~~~^~~
st7920.c(427): warning: mixing declarations and code is incompatible with standards before C99 [-Wdeclaration-after-statement]
  int y = radius;
      ^
st7920.c(465): warning: implicit conversion loses integer precision: 'int16_t' (aka 'short') to 'uint8_t' (aka 'unsigned char') [-Wimplicit-int-conversion]
    DrawLine(x0 - r, y0, x0 + r, y0);
    ~~~~~~~~                     ^~
st7920.c(465): warning: implicit conversion loses integer precision: 'int' to 'uint8_t' (aka 'unsigned char') [-Wimplicit-int-conversion]
    DrawLine(x0 - r, y0, x0 + r, y0);
    ~~~~~~~~             ~~~^~~
st7920.c(465): warning: implicit conversion loses integer precision: 'int16_t' (aka 'short') to 'uint8_t' (aka 'unsigned char') [-Wimplicit-int-conversion]
    DrawLine(x0 - r, y0, x0 + r, y0);
    ~~~~~~~~         ^~
st7920.c(465): warning: implicit conversion loses integer precision: 'int' to 'uint8_t' (aka 'unsigned char') [-Wimplicit-int-conversion]
    DrawLine(x0 - r, y0, x0 + r, y0);
    ~~~~~~~~ ~~~^~~
st7920.c(477): warning: implicit conversion loses integer precision: 'int' to 'uint8_t' (aka 'unsigned char') [-Wimplicit-int-conversion]
        DrawLine(x0 - x, y0 + y, x0 + x, y0 + y);
        ~~~~~~~~                         ~~~^~~
st7920.c(477): warning: implicit conversion loses integer precision: 'int' to 'uint8_t' (aka 'unsigned char') [-Wimplicit-int-conversion]
        DrawLine(x0 - x, y0 + y, x0 + x, y0 + y);
        ~~~~~~~~                 ~~~^~~
st7920.c(477): warning: implicit conversion loses integer precision: 'int' to 'uint8_t' (aka 'unsigned char') [-Wimplicit-int-conversion]
        DrawLine(x0 - x, y0 + y, x0 + x, y0 + y);
        ~~~~~~~~         ~~~^~~
st7920.c(477): warning: implicit conversion loses integer precision: 'int' to 'uint8_t' (aka 'unsigned char') [-Wimplicit-int-conversion]
        DrawLine(x0 - x, y0 + y, x0 + x, y0 + y);
        ~~~~~~~~ ~~~^~~
st7920.c(478): warning: implicit conversion loses integer precision: 'int' to 'uint8_t' (aka 'unsigned char') [-Wimplicit-int-conversion]
        DrawLine(x0 + x, y0 - y, x0 - x, y0 - y);
        ~~~~~~~~                         ~~~^~~
st7920.c(478): warning: implicit conversion loses integer precision: 'int' to 'uint8_t' (aka 'unsigned char') [-Wimplicit-int-conversion]
        DrawLine(x0 + x, y0 - y, x0 - x, y0 - y);
        ~~~~~~~~                 ~~~^~~
st7920.c(478): warning: implicit conversion loses integer precision: 'int' to 'uint8_t' (aka 'unsigned char') [-Wimplicit-int-conversion]
        DrawLine(x0 + x, y0 - y, x0 - x, y0 - y);
        ~~~~~~~~         ~~~^~~
st7920.c(478): warning: implicit conversion loses integer precision: 'int' to 'uint8_t' (aka 'unsigned char') [-Wimplicit-int-conversion]
        DrawLine(x0 + x, y0 - y, x0 - x, y0 - y);
        ~~~~~~~~ ~~~^~~
st7920.c(480): warning: implicit conversion loses integer precision: 'int' to 'uint8_t' (aka 'unsigned char') [-Wimplicit-int-conversion]
        DrawLine(x0 + y, y0 + x, x0 - y, y0 + x);
        ~~~~~~~~                         ~~~^~~
st7920.c(480): warning: implicit conversion loses integer precision: 'int' to 'uint8_t' (aka 'unsigned char') [-Wimplicit-int-conversion]
        DrawLine(x0 + y, y0 + x, x0 - y, y0 + x);
        ~~~~~~~~                 ~~~^~~
st7920.c(480): warning: implicit conversion loses integer precision: 'int' to 'uint8_t' (aka 'unsigned char') [-Wimplicit-int-conversion]
        DrawLine(x0 + y, y0 + x, x0 - y, y0 + x);
        ~~~~~~~~         ~~~^~~
st7920.c(480): warning: implicit conversion loses integer precision: 'int' to 'uint8_t' (aka 'unsigned char') [-Wimplicit-int-conversion]
        DrawLine(x0 + y, y0 + x, x0 - y, y0 + x);
        ~~~~~~~~ ~~~^~~
st7920.c(481): warning: implicit conversion loses integer precision: 'int' to 'uint8_t' (aka 'unsigned char') [-Wimplicit-int-conversion]
        DrawLine(x0 + y, y0 - x, x0 - y, y0 - x);
        ~~~~~~~~                         ~~~^~~
st7920.c(481): warning: implicit conversion loses integer precision: 'int' to 'uint8_t' (aka 'unsigned char') [-Wimplicit-int-conversion]
        DrawLine(x0 + y, y0 - x, x0 - y, y0 - x);
        ~~~~~~~~                 ~~~^~~
st7920.c(481): warning: implicit conversion loses integer precision: 'int' to 'uint8_t' (aka 'unsigned char') [-Wimplicit-int-conversion]
        DrawLine(x0 + y, y0 - x, x0 - y, y0 - x);
        ~~~~~~~~         ~~~^~~
st7920.c(481): warning: implicit conversion loses integer precision: 'int' to 'uint8_t' (aka 'unsigned char') [-Wimplicit-int-conversion]
        DrawLine(x0 + y, y0 - x, x0 - y, y0 - x);
        ~~~~~~~~ ~~~^~~
st7920.c(491): warning: implicit conversion loses integer precision: 'uint16_t' (aka 'unsigned short') to 'uint8_t' (aka 'unsigned char') [-Wimplicit-int-conversion]
        DrawLine(x1, y1, x2, y2);
        ~~~~~~~~             ^~
st7920.c(491): warning: implicit conversion loses integer precision: 'uint16_t' (aka 'unsigned short') to 'uint8_t' (aka 'unsigned char') [-Wimplicit-int-conversion]
        DrawLine(x1, y1, x2, y2);
        ~~~~~~~~         ^~
st7920.c(491): warning: implicit conversion loses integer precision: 'uint16_t' (aka 'unsigned short') to 'uint8_t' (aka 'unsigned char') [-Wimplicit-int-conversion]
        DrawLine(x1, y1, x2, y2);
        ~~~~~~~~     ^~
st7920.c(491): warning: implicit conversion loses integer precision: 'uint16_t' (aka 'unsigned short') to 'uint8_t' (aka 'unsigned char') [-Wimplicit-int-conversion]
        DrawLine(x1, y1, x2, y2);
        ~~~~~~~~ ^~
st7920.c(492): warning: implicit conversion loses integer precision: 'uint16_t' (aka 'unsigned short') to 'uint8_t' (aka 'unsigned char') [-Wimplicit-int-conversion]
        DrawLine(x2, y2, x3, y3);
        ~~~~~~~~             ^~
st7920.c(492): warning: implicit conversion loses integer precision: 'uint16_t' (aka 'unsigned short') to 'uint8_t' (aka 'unsigned char') [-Wimplicit-int-conversion]
        DrawLine(x2, y2, x3, y3);
        ~~~~~~~~         ^~
st7920.c(492): warning: implicit conversion loses integer precision: 'uint16_t' (aka 'unsigned short') to 'uint8_t' (aka 'unsigned char') [-Wimplicit-int-conversion]
        DrawLine(x2, y2, x3, y3);
        ~~~~~~~~     ^~
st7920.c(492): warning: implicit conversion loses integer precision: 'uint16_t' (aka 'unsigned short') to 'uint8_t' (aka 'unsigned char') [-Wimplicit-int-conversion]
        DrawLine(x2, y2, x3, y3);
        ~~~~~~~~ ^~
st7920.c(493): warning: implicit conversion loses integer precision: 'uint16_t' (aka 'unsigned short') to 'uint8_t' (aka 'unsigned char') [-Wimplicit-int-conversion]
        DrawLine(x3, y3, x1, y1);
        ~~~~~~~~             ^~
st7920.c(493): warning: implicit conversion loses integer precision: 'uint16_t' (aka 'unsigned short') to 'uint8_t' (aka 'unsigned char') [-Wimplicit-int-conversion]
        DrawLine(x3, y3, x1, y1);
        ~~~~~~~~         ^~
st7920.c(493): warning: implicit conversion loses integer precision: 'uint16_t' (aka 'unsigned short') to 'uint8_t' (aka 'unsigned char') [-Wimplicit-int-conversion]
        DrawLine(x3, y3, x1, y1);
        ~~~~~~~~     ^~
st7920.c(493): warning: implicit conversion loses integer precision: 'uint16_t' (aka 'unsigned short') to 'uint8_t' (aka 'unsigned char') [-Wimplicit-int-conversion]
        DrawLine(x3, y3, x1, y1);
        ~~~~~~~~ ^~
st7920.c(507): warning: operand of ? changes signedness: 'int' to 'int16_t' (aka 'short') [-Wsign-conversion]
        deltax = ABS(x2 - x1);
               ~     ~~~^~~~
st7920.c(505): note: expanded from macro 'ABS'
#define ABS(x)   ((x) > 0 ? (x) : -(x))
                             ^
st7920.c(507): warning: operand of ? changes signedness: 'int' to 'int16_t' (aka 'short') [-Wsign-conversion]
        deltax = ABS(x2 - x1);
               ~ ^~~~~~~~~~~~
st7920.c(505): note: expanded from macro 'ABS'
#define ABS(x)   ((x) > 0 ? (x) : -(x))
                                  ^~~~
st7920.c(508): warning: operand of ? changes signedness: 'int' to 'int16_t' (aka 'short') [-Wsign-conversion]
        deltay = ABS(y2 - y1);
               ~     ~~~^~~~
st7920.c(505): note: expanded from macro 'ABS'
#define ABS(x)   ((x) > 0 ? (x) : -(x))
                             ^
st7920.c(508): warning: operand of ? changes signedness: 'int' to 'int16_t' (aka 'short') [-Wsign-conversion]
        deltay = ABS(y2 - y1);
               ~ ^~~~~~~~~~~~
st7920.c(505): note: expanded from macro 'ABS'
#define ABS(x)   ((x) > 0 ? (x) : -(x))
                                  ^~~~
st7920.c(509): warning: implicit conversion changes signedness: 'uint16_t' (aka 'unsigned short') to 'int16_t' (aka 'short') [-Wsign-conversion]
        x = x1;
          ~ ^~
st7920.c(510): warning: implicit conversion changes signedness: 'uint16_t' (aka 'unsigned short') to 'int16_t' (aka 'short') [-Wsign-conversion]
        y = y1;
          ~ ^~
st7920.c(546): warning: implicit conversion loses integer precision: 'uint16_t' (aka 'unsigned short') to 'uint8_t' (aka 'unsigned char') [-Wimplicit-int-conversion]
                DrawLine(x, y, x3, y3);
                ~~~~~~~~           ^~
st7920.c(546): warning: implicit conversion loses integer precision: 'uint16_t' (aka 'unsigned short') to 'uint8_t' (aka 'unsigned char') [-Wimplicit-int-conversion]
                DrawLine(x, y, x3, y3);
                ~~~~~~~~       ^~
st7920.c(546): warning: implicit conversion loses integer precision: 'int16_t' (aka 'short') to 'uint8_t' (aka 'unsigned char') [-Wimplicit-int-conversion]
                DrawLine(x, y, x3, y3);
                ~~~~~~~~    ^
st7920.c(546): warning: implicit conversion loses integer precision: 'int16_t' (aka 'short') to 'uint8_t' (aka 'unsigned char') [-Wimplicit-int-conversion]
                DrawLine(x, y, x3, y3);
                ~~~~~~~~ ^
94 warnings generated.
compiling st7920.c...
linking...
Program Size: Code=2578 RO-data=546 RW-data=10856 ZI-data=2664  
".\Objects\SMART_WAKE_UP.axf" - 0 Error(s), 94 Warning(s).

<h2>Software Packages used:</h2>

Package Vendor: ARM
                http://www.keil.com/pack/ARM.CMSIS.5.9.0.pack
                ARM.CMSIS.5.9.0
                CMSIS (Common Microcontroller Software Interface Standard)
   * Component: CORE Version: 5.6.0

Package Vendor: Keil
                https://www.keil.com/pack/Keil.STM32F7xx_DFP.2.15.2.pack
                Keil.STM32F7xx_DFP.2.15.2
                STMicroelectronics STM32F7 Series Device Support, Drivers and Examples
   * Component: Startup Version: 1.2.5

<h2>Collection of Component include folders:</h2>
  ./RTE/_Target
  D:/SOFT/uVision/Packs/ARM/CMSIS/5.9.0/CMSIS/Core/Include
  D:/SOFT/uVision/Packs/Keil/STM32F7xx_DFP/2.15.2/Drivers/CMSIS/Device/ST/STM32F7xx/Include

<h2>Collection of Component Files used:</h2>

   * Component: ARM::CMSIS:CORE:5.6.0

   * Component: Keil::Device:Startup:1.2.5
      Source file:   MDK/Device/Source/ARM/STM32F76x_77x_OPT.s
      Source file:   MDK/Device/Source/ARM/STM32F76x_77x_OTP.s
      Include file:  Drivers/CMSIS/Device/ST/STM32F7xx/Include/stm32f7xx.h
      Source file:   Drivers/CMSIS/Device/ST/STM32F7xx/Source/Templates/arm/startup_stm32f767xx.s
      Source file:   Drivers/CMSIS/Device/ST/STM32F7xx/Source/Templates/system_stm32f7xx.c
Build Time Elapsed:  00:00:02
</pre>
</body>
</html>
